2026-07-24 05:50:30 | INFO | === BERT fine-tune: no class weights ===
2026-07-24 05:50:30 | INFO | ======== Environment ========
2026-07-24 05:50:30 | INFO | Python executable      : E:\ml\venv\Scripts\python.exe
2026-07-24 05:50:30 | INFO | Python version         : 3.13.7 (tags/v3.13.7:bcee1c3, Aug 14 2025, 14:15:11) [MSC v.1944 64 bit (AMD64)]
2026-07-24 05:50:30 | INFO | PyTorch version        : 2.11.0+cu128
2026-07-24 05:50:30 | INFO | Transformers version   : 5.13.1
2026-07-24 05:50:30 | INFO | CUDA available         : True
2026-07-24 05:50:30 | INFO | PyTorch CUDA version   : 12.8
2026-07-24 05:50:30 | INFO | cuDNN version          : 91900
2026-07-24 05:50:30 | INFO | GPU name               : NVIDIA GeForce RTX 3060 Laptop GPU
2026-07-24 05:50:30 | INFO | GPU count              : 1
2026-07-24 05:50:30 | INFO | Current training device: cuda
2026-07-24 05:50:30 | INFO | =============================
2026-07-24 05:50:30 | INFO | Loading fixed splits (no re-split, no CV, no merge).
2026-07-24 05:50:40 | INFO | Token length stats (train sample): {'n_texts_measured': 3000, 'mean': 552.4346666666667, 'median': 504.5, 'p90': 921.0, 'p95': 1069.0499999999997, 'p99': 1445.169999999996, 'pct_over_128': 0.9713333333333334, 'pct_over_256': 0.866, 'pct_over_512': 0.4846666666666667, 'recommended_max_length': 256, 'recommendation_reason': 'Measured train token lengths: median「504, 86.6% >256, 48.5% >512. Default max_length=256 is chosen for RTX 3060 VRAM headroom with dynamic padding and gradient accumulation; do not jump to 512 without an OOM check. Long ads are truncated ！ this is an explicit compute/quality trade-off.'}
2026-07-24 05:50:40 | INFO | Saved data_quality_report.json
2026-07-24 05:50:40 | INFO | Train-only class weights: [0.5235661555934128, 11.108433734939759]
2026-07-24 05:50:41 | INFO | Start fine-tuning: model=bert-base-uncased use_class_weights=False max_length=256 batch=8 accum=2
2026-07-24 05:53:57 | INFO | Epoch 1 | train_loss=0.1717 val_loss=0.1128 fraud_f1=0.5526 fraud_recall=0.3925 pr_auc=0.7651
2026-07-24 05:53:58 | INFO | New best checkpoint saved at epoch 1 (fraud_f1=0.5526)
2026-07-24 05:57:13 | INFO | Epoch 2 | train_loss=0.0589 val_loss=0.0970 fraud_f1=0.8075 fraud_recall=0.8037 pr_auc=0.8336
2026-07-24 05:57:14 | INFO | New best checkpoint saved at epoch 2 (fraud_f1=0.8075)
2026-07-24 06:00:28 | INFO | Epoch 3 | train_loss=0.0259 val_loss=0.1055 fraud_f1=0.8103 fraud_recall=0.7383 pr_auc=0.8503
2026-07-24 06:00:29 | INFO | New best checkpoint saved at epoch 3 (fraud_f1=0.8103)
2026-07-24 06:03:42 | INFO | Epoch 4 | train_loss=0.0063 val_loss=0.1275 fraud_f1=0.8081 fraud_recall=0.7477 pr_auc=0.8197
2026-07-24 06:03:42 | INFO | No improvement. Patience left: 1
2026-07-24 06:06:55 | INFO | Epoch 5 | train_loss=0.0011 val_loss=0.1336 fraud_f1=0.8100 fraud_recall=0.7570 pr_auc=0.8398
2026-07-24 06:06:55 | INFO | No improvement. Patience left: 0
2026-07-24 06:06:55 | INFO | Early stopping at epoch 5
2026-07-24 06:06:55 | INFO | Loading best checkpoint from F:\final-version\independent_ml_workflow\models\bert\checkpoints\bert_finetuned\bert_no_class_weight\best
2026-07-24 06:07:07 | INFO | Validation threshold selected on validation only: 0.0500 (fraud_f1=0.8259)
2026-07-24 06:07:19 | INFO | Test fraud_f1=0.8060 fraud_recall=0.7570 pr_auc=0.8708
2026-07-24 06:07:19 | INFO | Done. Artifacts under F:\final-version\independent_ml_workflow\models\bert\checkpoints\bert_finetuned\bert_no_class_weight and F:\final-version\independent_ml_workflow\models\bert\results
2026-07-24 06:07:19 | INFO | === BERT fine-tune: class weights (main) ===
2026-07-24 06:07:19 | INFO | ======== Environment ========
2026-07-24 06:07:19 | INFO | Python executable      : E:\ml\venv\Scripts\python.exe
2026-07-24 06:07:19 | INFO | Python version         : 3.13.7 (tags/v3.13.7:bcee1c3, Aug 14 2025, 14:15:11) [MSC v.1944 64 bit (AMD64)]
2026-07-24 06:07:19 | INFO | PyTorch version        : 2.11.0+cu128
2026-07-24 06:07:19 | INFO | Transformers version   : 5.13.1
2026-07-24 06:07:19 | INFO | CUDA available         : True
2026-07-24 06:07:19 | INFO | PyTorch CUDA version   : 12.8
2026-07-24 06:07:19 | INFO | cuDNN version          : 91900
2026-07-24 06:07:19 | INFO | GPU name               : NVIDIA GeForce RTX 3060 Laptop GPU
2026-07-24 06:07:19 | INFO | GPU count              : 1
2026-07-24 06:07:19 | INFO | Current training device: cuda
2026-07-24 06:07:19 | INFO | =============================
2026-07-24 06:07:19 | INFO | Loading fixed splits (no re-split, no CV, no merge).
2026-07-24 06:07:28 | INFO | Token length stats (train sample): {'n_texts_measured': 3000, 'mean': 552.4346666666667, 'median': 504.5, 'p90': 921.0, 'p95': 1069.0499999999997, 'p99': 1445.169999999996, 'pct_over_128': 0.9713333333333334, 'pct_over_256': 0.866, 'pct_over_512': 0.4846666666666667, 'recommended_max_length': 256, 'recommendation_reason': 'Measured train token lengths: median「504, 86.6% >256, 48.5% >512. Default max_length=256 is chosen for RTX 3060 VRAM headroom with dynamic padding and gradient accumulation; do not jump to 512 without an OOM check. Long ads are truncated ！ this is an explicit compute/quality trade-off.'}
2026-07-24 06:07:29 | INFO | Saved data_quality_report.json
2026-07-24 06:07:29 | INFO | Train-only class weights: [0.5235661555934128, 11.108433734939759]
2026-07-24 06:07:29 | INFO | Start fine-tuning: model=bert-base-uncased use_class_weights=True max_length=256 batch=8 accum=2
2026-07-24 06:10:43 | INFO | Epoch 1 | train_loss=0.5336 val_loss=0.6018 fraud_f1=0.5298 fraud_recall=0.3738 pr_auc=0.6879
2026-07-24 06:10:44 | INFO | New best checkpoint saved at epoch 1 (fraud_f1=0.5298)
2026-07-24 06:13:58 | INFO | Epoch 2 | train_loss=0.2815 val_loss=0.4021 fraud_f1=0.7763 fraud_recall=0.7944 pr_auc=0.7893
2026-07-24 06:13:59 | INFO | New best checkpoint saved at epoch 2 (fraud_f1=0.7763)
2026-07-24 06:17:12 | INFO | Epoch 3 | train_loss=0.1403 val_loss=0.3908 fraud_f1=0.7980 fraud_recall=0.7383 pr_auc=0.8554
2026-07-24 06:17:14 | INFO | New best checkpoint saved at epoch 3 (fraud_f1=0.7980)
2026-07-24 06:20:26 | INFO | Epoch 4 | train_loss=0.0560 val_loss=0.4288 fraud_f1=0.8000 fraud_recall=0.7664 pr_auc=0.8238
2026-07-24 06:20:27 | INFO | New best checkpoint saved at epoch 4 (fraud_f1=0.8000)
2026-07-24 06:23:40 | INFO | Epoch 5 | train_loss=0.0120 val_loss=0.4918 fraud_f1=0.8177 fraud_recall=0.7757 pr_auc=0.8279
2026-07-24 06:23:41 | INFO | New best checkpoint saved at epoch 5 (fraud_f1=0.8177)
2026-07-24 06:23:42 | INFO | Loading best checkpoint from F:\final-version\independent_ml_workflow\models\bert\checkpoints\bert_finetuned\bert_class_weighted\best
2026-07-24 06:23:54 | INFO | Validation threshold selected on validation only: 0.1000 (fraud_f1=0.8195)
2026-07-24 06:24:06 | INFO | Test fraud_f1=0.8263 fraud_recall=0.8224 pr_auc=0.7942
2026-07-24 06:24:06 | INFO | Done. Artifacts under F:\final-version\independent_ml_workflow\models\bert\checkpoints\bert_finetuned\bert_class_weighted and F:\final-version\independent_ml_workflow\models\bert\results
2026-07-24 06:24:06 | INFO | === Extract frozen mean embeddings ===
2026-07-24 06:24:06 | INFO | ======== Environment ========
2026-07-24 06:24:06 | INFO | Python executable      : E:\ml\venv\Scripts\python.exe
2026-07-24 06:24:06 | INFO | Python version         : 3.13.7 (tags/v3.13.7:bcee1c3, Aug 14 2025, 14:15:11) [MSC v.1944 64 bit (AMD64)]
2026-07-24 06:24:06 | INFO | PyTorch version        : 2.11.0+cu128
2026-07-24 06:24:06 | INFO | Transformers version   : 5.13.1
2026-07-24 06:24:06 | INFO | CUDA available         : True
2026-07-24 06:24:06 | INFO | PyTorch CUDA version   : 12.8
2026-07-24 06:24:06 | INFO | cuDNN version          : 91900
2026-07-24 06:24:06 | INFO | GPU name               : NVIDIA GeForce RTX 3060 Laptop GPU
2026-07-24 06:24:06 | INFO | GPU count              : 1
2026-07-24 06:24:06 | INFO | Current training device: cuda
2026-07-24 06:24:06 | INFO | =============================
2026-07-24 06:24:12 | INFO | Using frozen pretrained encoder: bert-base-uncased
2026-07-24 06:24:13 | INFO | Extracting embeddings for split=train (n=11064)
2026-07-24 06:25:05 | ERROR | run_all_experiments failed:
Traceback (most recent call last):
  File "F:\final-version\independent_ml_workflow\models\bert\run_all_experiments.py", line 58, in main
    run_extraction(
    ~~~~~~~~~~~~~~^
        EmbeddingConfig(
        ^^^^^^^^^^^^^^^^
    ...<2 lines>...
        )
        ^
    )
    ^
  File "F:\final-version\independent_ml_workflow\models\bert\extract_embeddings.py", line 207, in run_extraction
    paths = save_split_artifacts(split_name, payload, cfg, out_dir)
  File "F:\final-version\independent_ml_workflow\models\bert\extract_embeddings.py", line 127, in save_split_artifacts
    meta.to_npz(meta_path, index=False)
    ^^^^^^^^^^^
  File "E:\ml\venv\Lib\site-packages\pandas\core\generic.py", line 6206, in __getattr__
    return object.__getattribute__(self, name)
           ~~~~~~~~~~~~~~~~~~~~~~~^^^^^^^^^^^^
AttributeError: 'DataFrame' object has no attribute 'to_npz'

