2026-07-26 16:38:38 | INFO | ======== Environment ========
2026-07-26 16:38:39 | INFO | Python executable      : E:\ml\venv\Scripts\python.exe
2026-07-26 16:38:39 | INFO | Python version         : 3.13.7 (tags/v3.13.7:bcee1c3, Aug 14 2025, 14:15:11) [MSC v.1944 64 bit (AMD64)]
2026-07-26 16:38:39 | INFO | PyTorch version        : 2.11.0+cu128
2026-07-26 16:38:39 | INFO | Transformers version   : 5.13.1
2026-07-26 16:38:39 | INFO | CUDA available         : True
2026-07-26 16:38:39 | INFO | PyTorch CUDA version   : 12.8
2026-07-26 16:38:39 | INFO | cuDNN version          : 91900
2026-07-26 16:38:39 | INFO | GPU name               : NVIDIA GeForce RTX 3060 Laptop GPU
2026-07-26 16:38:39 | INFO | GPU count              : 1
2026-07-26 16:38:39 | INFO | Current training device: cuda
2026-07-26 16:38:39 | INFO | =============================
2026-07-26 16:38:39 | INFO | Using caller-provided splits: train=11065 validation=2371 test=2371
2026-07-26 16:38:43 | INFO | Token length stats (train sample): {'n_texts_measured': 3000, 'mean': 557.862, 'median': 517.0, 'p90': 925.0, 'p95': 1091.0499999999997, 'p99': 1429.0699999999983, 'pct_over_128': 0.969, 'pct_over_256': 0.8663333333333333, 'pct_over_512': 0.5086666666666667, 'recommended_max_length': 256, 'recommendation_reason': 'Measured train token lengths: median≈517, 86.6% >256, 50.9% >512. Default max_length=256 is chosen for RTX 3060 VRAM headroom with dynamic padding and gradient accumulation; do not jump to 512 without an OOM check. Long ads are truncated — this is an explicit compute/quality trade-off.'}
2026-07-26 16:38:44 | INFO | Saved data_quality_report.json
2026-07-26 16:38:44 | INFO | Train-only class weights: [0.52356392542822, 11.109437751004016]
2026-07-26 16:38:44 | INFO | Start fine-tuning: model=bert-base-uncased use_class_weights=True max_length=256 batch=8 accum=2
2026-07-26 16:42:08 | INFO | Epoch 1 | train_loss=0.5053 val_loss=0.4589 fraud_f1=0.6125 fraud_recall=0.4579 pr_auc=0.7411
2026-07-26 16:42:28 | INFO | New best checkpoint saved at epoch 1 (fraud_f1=0.6125)
2026-07-26 16:45:52 | INFO | Epoch 2 | train_loss=0.2386 val_loss=0.2147 fraud_f1=0.7107 fraud_recall=0.8037 pr_auc=0.8412
2026-07-26 16:46:11 | INFO | New best checkpoint saved at epoch 2 (fraud_f1=0.7107)
2026-07-26 16:49:34 | INFO | Epoch 3 | train_loss=0.1041 val_loss=0.3431 fraud_f1=0.7845 fraud_recall=0.6636 pr_auc=0.8463
2026-07-26 16:49:53 | INFO | New best checkpoint saved at epoch 3 (fraud_f1=0.7845)
2026-07-26 16:53:16 | INFO | Epoch 4 | train_loss=0.0348 val_loss=0.3776 fraud_f1=0.8235 fraud_recall=0.7196 pr_auc=0.8457
2026-07-26 16:53:36 | INFO | New best checkpoint saved at epoch 4 (fraud_f1=0.8235)
2026-07-26 16:56:59 | INFO | Epoch 5 | train_loss=0.0129 val_loss=0.3815 fraud_f1=0.8125 fraud_recall=0.7290 pr_auc=0.8255
2026-07-26 16:56:59 | INFO | No improvement. Patience left: 1
2026-07-26 16:56:59 | INFO | Loading best checkpoint from F:\final-version-1\capstone-project-26t2-9900-h09c-almond\model_weights\bert\split_leakage\condition_c\seed_0\bert_class_weighted\best
2026-07-26 16:57:11 | INFO | Validation threshold selected on validation only: 0.1000 (fraud_f1=0.8377)
2026-07-26 16:57:25 | INFO | Test fraud_f1=0.8293 fraud_recall=0.7944 pr_auc=0.8785
2026-07-26 16:57:25 | INFO | Done. Artifacts under F:\final-version-1\capstone-project-26t2-9900-h09c-almond\model_weights\bert\split_leakage\condition_c\seed_0\bert_class_weighted and F:\final-version-1\capstone-project-26t2-9900-h09c-almond\model_results\bert\split_leakage\condition_c\seed_0
2026-07-26 16:57:25 | INFO | Finished condition=C seed=0 fraud_f1=0.8293 pr_auc=0.8785
2026-07-26 16:57:25 | INFO | === Train condition C seed 1 ===
