2026-07-26 16:01:05 | INFO | ======== Environment ========
2026-07-26 16:01:05 | INFO | Python executable      : E:\ml\venv\Scripts\python.exe
2026-07-26 16:01:05 | INFO | Python version         : 3.13.7 (tags/v3.13.7:bcee1c3, Aug 14 2025, 14:15:11) [MSC v.1944 64 bit (AMD64)]
2026-07-26 16:01:05 | INFO | PyTorch version        : 2.11.0+cu128
2026-07-26 16:01:05 | INFO | Transformers version   : 5.13.1
2026-07-26 16:01:05 | INFO | CUDA available         : True
2026-07-26 16:01:05 | INFO | PyTorch CUDA version   : 12.8
2026-07-26 16:01:05 | INFO | cuDNN version          : 91900
2026-07-26 16:01:05 | INFO | GPU name               : NVIDIA GeForce RTX 3060 Laptop GPU
2026-07-26 16:01:05 | INFO | GPU count              : 1
2026-07-26 16:01:05 | INFO | Current training device: cuda
2026-07-26 16:01:05 | INFO | =============================
2026-07-26 16:01:05 | INFO | Using caller-provided splits: train=11064 validation=2371 test=2372
2026-07-26 16:01:10 | INFO | Token length stats (train sample): {'n_texts_measured': 3000, 'mean': 559.5246666666667, 'median': 514.0, 'p90': 936.0999999999999, 'p95': 1092.0499999999997, 'p99': 1512.0499999999988, 'pct_over_128': 0.9693333333333334, 'pct_over_256': 0.872, 'pct_over_512': 0.502, 'recommended_max_length': 256, 'recommendation_reason': 'Measured train token lengths: median≈514, 87.2% >256, 50.2% >512. Default max_length=256 is chosen for RTX 3060 VRAM headroom with dynamic padding and gradient accumulation; do not jump to 512 without an OOM check. Long ads are truncated — this is an explicit compute/quality trade-off.'}
2026-07-26 16:01:10 | INFO | Saved data_quality_report.json
2026-07-26 16:01:10 | INFO | Train-only class weights: [0.5235661555934128, 11.108433734939759]
2026-07-26 16:01:11 | INFO | Start fine-tuning: model=bert-base-uncased use_class_weights=True max_length=256 batch=8 accum=2
2026-07-26 16:04:35 | INFO | Epoch 1 | train_loss=0.4850 val_loss=0.3489 fraud_f1=0.7200 fraud_recall=0.5888 pr_auc=0.8297
2026-07-26 16:04:54 | INFO | New best checkpoint saved at epoch 1 (fraud_f1=0.7200)
2026-07-26 16:08:18 | INFO | Epoch 2 | train_loss=0.2521 val_loss=0.2418 fraud_f1=0.8000 fraud_recall=0.7664 pr_auc=0.8729
2026-07-26 16:08:37 | INFO | New best checkpoint saved at epoch 2 (fraud_f1=0.8000)
2026-07-26 16:12:01 | INFO | Epoch 3 | train_loss=0.1165 val_loss=0.2154 fraud_f1=0.8505 fraud_recall=0.8505 pr_auc=0.9074
2026-07-26 16:12:20 | INFO | New best checkpoint saved at epoch 3 (fraud_f1=0.8505)
2026-07-26 16:15:43 | INFO | Epoch 4 | train_loss=0.0442 val_loss=0.2498 fraud_f1=0.8585 fraud_recall=0.8505 pr_auc=0.9142
2026-07-26 16:16:02 | INFO | New best checkpoint saved at epoch 4 (fraud_f1=0.8585)
2026-07-26 16:19:25 | INFO | Epoch 5 | train_loss=0.0129 val_loss=0.3029 fraud_f1=0.8544 fraud_recall=0.8224 pr_auc=0.9106
2026-07-26 16:19:25 | INFO | No improvement. Patience left: 1
2026-07-26 16:19:25 | INFO | Loading best checkpoint from F:\final-version-1\capstone-project-26t2-9900-h09c-almond\model_weights\bert\split_leakage\condition_b\seed_8\bert_class_weighted\best
2026-07-26 16:19:38 | INFO | Validation threshold selected on validation only: 0.9500 (fraud_f1=0.8641)
2026-07-26 16:19:52 | INFO | Test fraud_f1=0.8585 fraud_recall=0.8224 pr_auc=0.8988
2026-07-26 16:19:52 | INFO | Done. Artifacts under F:\final-version-1\capstone-project-26t2-9900-h09c-almond\model_weights\bert\split_leakage\condition_b\seed_8\bert_class_weighted and F:\final-version-1\capstone-project-26t2-9900-h09c-almond\model_results\bert\split_leakage\condition_b\seed_8
2026-07-26 16:19:53 | INFO | Finished condition=B seed=8 fraud_f1=0.8585 pr_auc=0.8988
2026-07-26 16:19:53 | INFO | === Train condition B seed 9 ===
