2026-07-26 13:34:19 | INFO | ======== Environment ========
2026-07-26 13:34:19 | INFO | Python executable      : E:\ml\venv\Scripts\python.exe
2026-07-26 13:34:19 | INFO | Python version         : 3.13.7 (tags/v3.13.7:bcee1c3, Aug 14 2025, 14:15:11) [MSC v.1944 64 bit (AMD64)]
2026-07-26 13:34:19 | INFO | PyTorch version        : 2.11.0+cu128
2026-07-26 13:34:19 | INFO | Transformers version   : 5.13.1
2026-07-26 13:34:19 | INFO | CUDA available         : True
2026-07-26 13:34:19 | INFO | PyTorch CUDA version   : 12.8
2026-07-26 13:34:19 | INFO | cuDNN version          : 91900
2026-07-26 13:34:19 | INFO | GPU name               : NVIDIA GeForce RTX 3060 Laptop GPU
2026-07-26 13:34:19 | INFO | GPU count              : 1
2026-07-26 13:34:19 | INFO | Current training device: cuda
2026-07-26 13:34:19 | INFO | =============================
2026-07-26 13:34:19 | INFO | Using caller-provided splits: train=11064 validation=2371 test=2372
2026-07-26 13:34:24 | INFO | Token length stats (train sample): {'n_texts_measured': 3000, 'mean': 560.522, 'median': 512.5, 'p90': 939.0999999999999, 'p95': 1102.0999999999995, 'p99': 1494.0499999999988, 'pct_over_128': 0.97, 'pct_over_256': 0.878, 'pct_over_512': 0.5, 'recommended_max_length': 256, 'recommendation_reason': 'Measured train token lengths: median≈512, 87.8% >256, 50.0% >512. Default max_length=256 is chosen for RTX 3060 VRAM headroom with dynamic padding and gradient accumulation; do not jump to 512 without an OOM check. Long ads are truncated — this is an explicit compute/quality trade-off.'}
2026-07-26 13:34:24 | INFO | Saved data_quality_report.json
2026-07-26 13:34:24 | INFO | Train-only class weights: [0.5235661555934128, 11.108433734939759]
2026-07-26 13:34:25 | INFO | Start fine-tuning: model=bert-base-uncased use_class_weights=True max_length=256 batch=8 accum=2
2026-07-26 13:37:49 | INFO | Epoch 1 | train_loss=0.4942 val_loss=0.4791 fraud_f1=0.6790 fraud_recall=0.5140 pr_auc=0.8413
2026-07-26 13:38:09 | INFO | New best checkpoint saved at epoch 1 (fraud_f1=0.6790)
2026-07-26 13:41:33 | INFO | Epoch 2 | train_loss=0.2573 val_loss=0.2888 fraud_f1=0.8449 fraud_recall=0.7383 pr_auc=0.8955
2026-07-26 13:41:52 | INFO | New best checkpoint saved at epoch 2 (fraud_f1=0.8449)
2026-07-26 13:45:16 | INFO | Epoch 3 | train_loss=0.1125 val_loss=0.3328 fraud_f1=0.8045 fraud_recall=0.6729 pr_auc=0.8918
2026-07-26 13:45:16 | INFO | No improvement. Patience left: 1
2026-07-26 13:48:39 | INFO | Epoch 4 | train_loss=0.0534 val_loss=0.3271 fraud_f1=0.8387 fraud_recall=0.7290 pr_auc=0.9046
2026-07-26 13:48:39 | INFO | No improvement. Patience left: 0
2026-07-26 13:48:39 | INFO | Early stopping at epoch 4
2026-07-26 13:48:39 | INFO | Loading best checkpoint from F:\final-version-1\capstone-project-26t2-9900-h09c-almond\model_weights\bert\split_leakage\condition_b\seed_0\bert_class_weighted\best
2026-07-26 13:48:52 | INFO | Validation threshold selected on validation only: 0.0500 (fraud_f1=0.8660)
2026-07-26 13:49:05 | INFO | Test fraud_f1=0.7979 fraud_recall=0.7196 pr_auc=0.8356
2026-07-26 13:49:05 | INFO | Done. Artifacts under F:\final-version-1\capstone-project-26t2-9900-h09c-almond\model_weights\bert\split_leakage\condition_b\seed_0\bert_class_weighted and F:\final-version-1\capstone-project-26t2-9900-h09c-almond\model_results\bert\split_leakage\condition_b\seed_0
2026-07-26 13:49:05 | INFO | Finished condition=B seed=0 fraud_f1=0.7979 pr_auc=0.8356
2026-07-26 13:49:05 | INFO | === Train condition B seed 1 ===
