2026-07-26 10:51:03 | INFO | ======== Environment ========
2026-07-26 10:51:03 | INFO | Python executable      : E:\ml\venv\Scripts\python.exe
2026-07-26 10:51:03 | INFO | Python version         : 3.13.7 (tags/v3.13.7:bcee1c3, Aug 14 2025, 14:15:11) [MSC v.1944 64 bit (AMD64)]
2026-07-26 10:51:03 | INFO | PyTorch version        : 2.11.0+cu128
2026-07-26 10:51:03 | INFO | Transformers version   : 5.13.1
2026-07-26 10:51:03 | INFO | CUDA available         : True
2026-07-26 10:51:03 | INFO | PyTorch CUDA version   : 12.8
2026-07-26 10:51:03 | INFO | cuDNN version          : 91900
2026-07-26 10:51:03 | INFO | GPU name               : NVIDIA GeForce RTX 3060 Laptop GPU
2026-07-26 10:51:03 | INFO | GPU count              : 1
2026-07-26 10:51:03 | INFO | Current training device: cuda
2026-07-26 10:51:03 | INFO | =============================
2026-07-26 10:51:03 | INFO | Using caller-provided splits: train=12516 validation=2682 test=2682
2026-07-26 10:51:08 | INFO | Token length stats (train sample): {'n_texts_measured': 3000, 'mean': 529.081, 'median': 477.0, 'p90': 922.0, 'p95': 1071.0999999999995, 'p99': 1454.0499999999988, 'pct_over_128': 0.969, 'pct_over_256': 0.832, 'pct_over_512': 0.451, 'recommended_max_length': 256, 'recommendation_reason': 'Measured train token lengths: median≈477, 83.2% >256, 45.1% >512. Default max_length=256 is chosen for RTX 3060 VRAM headroom with dynamic padding and gradient accumulation; do not jump to 512 without an OOM check. Long ads are truncated — this is an explicit compute/quality trade-off.'}
2026-07-26 10:51:08 | INFO | Saved data_quality_report.json
2026-07-26 10:51:08 | INFO | Train-only class weights: [0.52544080604534, 10.326732673267326]
2026-07-26 10:51:09 | INFO | Start fine-tuning: model=bert-base-uncased use_class_weights=True max_length=256 batch=8 accum=2
2026-07-26 10:55:00 | INFO | Epoch 1 | train_loss=0.4624 val_loss=0.3534 fraud_f1=0.7229 fraud_recall=0.6923 pr_auc=0.8093
2026-07-26 10:55:20 | INFO | New best checkpoint saved at epoch 1 (fraud_f1=0.7229)
2026-07-26 10:59:11 | INFO | Epoch 2 | train_loss=0.2387 val_loss=0.1903 fraud_f1=0.8408 fraud_recall=0.7923 pr_auc=0.8903
2026-07-26 10:59:30 | INFO | New best checkpoint saved at epoch 2 (fraud_f1=0.8408)
2026-07-26 11:03:20 | INFO | Epoch 3 | train_loss=0.1010 val_loss=0.2837 fraud_f1=0.8642 fraud_recall=0.8077 pr_auc=0.8981
2026-07-26 11:03:40 | INFO | New best checkpoint saved at epoch 3 (fraud_f1=0.8642)
2026-07-26 11:07:29 | INFO | Epoch 4 | train_loss=0.0338 val_loss=0.3851 fraud_f1=0.8619 fraud_recall=0.7923 pr_auc=0.8965
2026-07-26 11:07:29 | INFO | No improvement. Patience left: 1
2026-07-26 11:11:17 | INFO | Epoch 5 | train_loss=0.0206 val_loss=0.3670 fraud_f1=0.8595 fraud_recall=0.8000 pr_auc=0.8990
2026-07-26 11:11:17 | INFO | No improvement. Patience left: 0
2026-07-26 11:11:17 | INFO | Early stopping at epoch 5
2026-07-26 11:11:17 | INFO | Loading best checkpoint from F:\final-version-1\capstone-project-26t2-9900-h09c-almond\model_weights\bert\split_leakage\condition_a\seed_2\bert_class_weighted\best
2026-07-26 11:11:31 | INFO | Validation threshold selected on validation only: 0.8000 (fraud_f1=0.8714)
2026-07-26 11:11:46 | INFO | Test fraud_f1=0.8739 fraud_recall=0.8000 pr_auc=0.9195
2026-07-26 11:11:46 | INFO | Done. Artifacts under F:\final-version-1\capstone-project-26t2-9900-h09c-almond\model_weights\bert\split_leakage\condition_a\seed_2\bert_class_weighted and F:\final-version-1\capstone-project-26t2-9900-h09c-almond\model_results\bert\split_leakage\condition_a\seed_2
2026-07-26 11:11:46 | INFO | Finished condition=A seed=2 fraud_f1=0.8739 pr_auc=0.9195
2026-07-26 11:11:46 | INFO | === Train condition A seed 3 ===
