2026-07-26 11:33:04 | INFO | ======== Environment ========
2026-07-26 11:33:04 | INFO | Python executable      : E:\ml\venv\Scripts\python.exe
2026-07-26 11:33:04 | INFO | Python version         : 3.13.7 (tags/v3.13.7:bcee1c3, Aug 14 2025, 14:15:11) [MSC v.1944 64 bit (AMD64)]
2026-07-26 11:33:04 | INFO | PyTorch version        : 2.11.0+cu128
2026-07-26 11:33:04 | INFO | Transformers version   : 5.13.1
2026-07-26 11:33:04 | INFO | CUDA available         : True
2026-07-26 11:33:04 | INFO | PyTorch CUDA version   : 12.8
2026-07-26 11:33:04 | INFO | cuDNN version          : 91900
2026-07-26 11:33:04 | INFO | GPU name               : NVIDIA GeForce RTX 3060 Laptop GPU
2026-07-26 11:33:04 | INFO | GPU count              : 1
2026-07-26 11:33:04 | INFO | Current training device: cuda
2026-07-26 11:33:04 | INFO | =============================
2026-07-26 11:33:04 | INFO | Using caller-provided splits: train=12516 validation=2682 test=2682
2026-07-26 11:33:09 | INFO | Token length stats (train sample): {'n_texts_measured': 3000, 'mean': 526.3913333333334, 'median': 475.0, 'p90': 898.0999999999999, 'p95': 1050.199999999999, 'p99': 1437.2199999999948, 'pct_over_128': 0.9656666666666667, 'pct_over_256': 0.8406666666666667, 'pct_over_512': 0.446, 'recommended_max_length': 256, 'recommendation_reason': 'Measured train token lengths: median≈475, 84.1% >256, 44.6% >512. Default max_length=256 is chosen for RTX 3060 VRAM headroom with dynamic padding and gradient accumulation; do not jump to 512 without an OOM check. Long ads are truncated — this is an explicit compute/quality trade-off.'}
2026-07-26 11:33:09 | INFO | Saved data_quality_report.json
2026-07-26 11:33:09 | INFO | Train-only class weights: [0.52544080604534, 10.326732673267326]
2026-07-26 11:33:10 | INFO | Start fine-tuning: model=bert-base-uncased use_class_weights=True max_length=256 batch=8 accum=2
2026-07-26 11:37:00 | INFO | Epoch 1 | train_loss=0.4788 val_loss=0.2739 fraud_f1=0.7717 fraud_recall=0.7538 pr_auc=0.8423
2026-07-26 11:37:19 | INFO | New best checkpoint saved at epoch 1 (fraud_f1=0.7717)
2026-07-26 11:41:09 | INFO | Epoch 2 | train_loss=0.2066 val_loss=0.2445 fraud_f1=0.8608 fraud_recall=0.7846 pr_auc=0.9179
2026-07-26 11:41:28 | INFO | New best checkpoint saved at epoch 2 (fraud_f1=0.8608)
2026-07-26 11:45:17 | INFO | Epoch 3 | train_loss=0.0891 val_loss=0.2328 fraud_f1=0.8898 fraud_recall=0.8385 pr_auc=0.9192
2026-07-26 11:45:37 | INFO | New best checkpoint saved at epoch 3 (fraud_f1=0.8898)
2026-07-26 11:49:26 | INFO | Epoch 4 | train_loss=0.0302 val_loss=0.2288 fraud_f1=0.8943 fraud_recall=0.8462 pr_auc=0.9177
2026-07-26 11:49:45 | INFO | New best checkpoint saved at epoch 4 (fraud_f1=0.8943)
2026-07-26 11:53:33 | INFO | Epoch 5 | train_loss=0.0061 val_loss=0.2309 fraud_f1=0.8988 fraud_recall=0.8538 pr_auc=0.9112
2026-07-26 11:53:53 | INFO | New best checkpoint saved at epoch 5 (fraud_f1=0.8988)
2026-07-26 11:53:53 | INFO | Loading best checkpoint from F:\final-version-1\capstone-project-26t2-9900-h09c-almond\model_weights\bert\split_leakage\condition_a\seed_4\bert_class_weighted\best
2026-07-26 11:54:06 | INFO | Validation threshold selected on validation only: 0.0500 (fraud_f1=0.9084)
2026-07-26 11:54:22 | INFO | Test fraud_f1=0.8560 fraud_recall=0.8231 pr_auc=0.8919
2026-07-26 11:54:22 | INFO | Done. Artifacts under F:\final-version-1\capstone-project-26t2-9900-h09c-almond\model_weights\bert\split_leakage\condition_a\seed_4\bert_class_weighted and F:\final-version-1\capstone-project-26t2-9900-h09c-almond\model_results\bert\split_leakage\condition_a\seed_4
2026-07-26 11:54:22 | INFO | Finished condition=A seed=4 fraud_f1=0.8560 pr_auc=0.8919
2026-07-26 11:54:22 | INFO | === Train condition A seed 5 ===
