2026-07-26 11:11:46 | INFO | ======== Environment ========
2026-07-26 11:11:46 | INFO | Python executable      : E:\ml\venv\Scripts\python.exe
2026-07-26 11:11:46 | INFO | Python version         : 3.13.7 (tags/v3.13.7:bcee1c3, Aug 14 2025, 14:15:11) [MSC v.1944 64 bit (AMD64)]
2026-07-26 11:11:46 | INFO | PyTorch version        : 2.11.0+cu128
2026-07-26 11:11:46 | INFO | Transformers version   : 5.13.1
2026-07-26 11:11:46 | INFO | CUDA available         : True
2026-07-26 11:11:46 | INFO | PyTorch CUDA version   : 12.8
2026-07-26 11:11:46 | INFO | cuDNN version          : 91900
2026-07-26 11:11:46 | INFO | GPU name               : NVIDIA GeForce RTX 3060 Laptop GPU
2026-07-26 11:11:46 | INFO | GPU count              : 1
2026-07-26 11:11:46 | INFO | Current training device: cuda
2026-07-26 11:11:46 | INFO | =============================
2026-07-26 11:11:46 | INFO | Using caller-provided splits: train=12516 validation=2682 test=2682
2026-07-26 11:11:51 | INFO | Token length stats (train sample): {'n_texts_measured': 3000, 'mean': 538.3033333333333, 'median': 501.0, 'p90': 905.1999999999998, 'p95': 1054.0999999999995, 'p99': 1450.039999999999, 'pct_over_128': 0.963, 'pct_over_256': 0.8413333333333334, 'pct_over_512': 0.48233333333333334, 'recommended_max_length': 256, 'recommendation_reason': 'Measured train token lengths: median≈501, 84.1% >256, 48.2% >512. Default max_length=256 is chosen for RTX 3060 VRAM headroom with dynamic padding and gradient accumulation; do not jump to 512 without an OOM check. Long ads are truncated — this is an explicit compute/quality trade-off.'}
2026-07-26 11:11:51 | INFO | Saved data_quality_report.json
2026-07-26 11:11:51 | INFO | Train-only class weights: [0.52544080604534, 10.326732673267326]
2026-07-26 11:11:52 | INFO | Start fine-tuning: model=bert-base-uncased use_class_weights=True max_length=256 batch=8 accum=2
2026-07-26 11:15:42 | INFO | Epoch 1 | train_loss=0.4383 val_loss=0.3439 fraud_f1=0.7022 fraud_recall=0.6077 pr_auc=0.7645
2026-07-26 11:16:01 | INFO | New best checkpoint saved at epoch 1 (fraud_f1=0.7022)
2026-07-26 11:19:50 | INFO | Epoch 2 | train_loss=0.2208 val_loss=0.1793 fraud_f1=0.7984 fraud_recall=0.7923 pr_auc=0.8521
2026-07-26 11:20:10 | INFO | New best checkpoint saved at epoch 2 (fraud_f1=0.7984)
2026-07-26 11:23:59 | INFO | Epoch 3 | train_loss=0.1008 val_loss=0.2035 fraud_f1=0.8333 fraud_recall=0.8077 pr_auc=0.8775
2026-07-26 11:24:18 | INFO | New best checkpoint saved at epoch 3 (fraud_f1=0.8333)
2026-07-26 11:28:07 | INFO | Epoch 4 | train_loss=0.0247 val_loss=0.3065 fraud_f1=0.8382 fraud_recall=0.7769 pr_auc=0.8767
2026-07-26 11:28:26 | INFO | New best checkpoint saved at epoch 4 (fraud_f1=0.8382)
2026-07-26 11:32:15 | INFO | Epoch 5 | train_loss=0.0090 val_loss=0.3029 fraud_f1=0.8477 fraud_recall=0.7923 pr_auc=0.8733
2026-07-26 11:32:35 | INFO | New best checkpoint saved at epoch 5 (fraud_f1=0.8477)
2026-07-26 11:32:35 | INFO | Loading best checkpoint from F:\final-version-1\capstone-project-26t2-9900-h09c-almond\model_weights\bert\split_leakage\condition_a\seed_3\bert_class_weighted\best
2026-07-26 11:32:48 | INFO | Validation threshold selected on validation only: 0.0500 (fraud_f1=0.8537)
2026-07-26 11:33:04 | INFO | Test fraud_f1=0.8617 fraud_recall=0.8385 pr_auc=0.8947
2026-07-26 11:33:04 | INFO | Done. Artifacts under F:\final-version-1\capstone-project-26t2-9900-h09c-almond\model_weights\bert\split_leakage\condition_a\seed_3\bert_class_weighted and F:\final-version-1\capstone-project-26t2-9900-h09c-almond\model_results\bert\split_leakage\condition_a\seed_3
2026-07-26 11:33:04 | INFO | Finished condition=A seed=3 fraud_f1=0.8617 pr_auc=0.8947
2026-07-26 11:33:04 | INFO | === Train condition A seed 4 ===
