2026-07-26 15:04:49 | INFO | ======== Environment ========
2026-07-26 15:04:49 | INFO | Python executable      : E:\ml\venv\Scripts\python.exe
2026-07-26 15:04:49 | INFO | Python version         : 3.13.7 (tags/v3.13.7:bcee1c3, Aug 14 2025, 14:15:11) [MSC v.1944 64 bit (AMD64)]
2026-07-26 15:04:49 | INFO | PyTorch version        : 2.11.0+cu128
2026-07-26 15:04:49 | INFO | Transformers version   : 5.13.1
2026-07-26 15:04:49 | INFO | CUDA available         : True
2026-07-26 15:04:49 | INFO | PyTorch CUDA version   : 12.8
2026-07-26 15:04:49 | INFO | cuDNN version          : 91900
2026-07-26 15:04:49 | INFO | GPU name               : NVIDIA GeForce RTX 3060 Laptop GPU
2026-07-26 15:04:49 | INFO | GPU count              : 1
2026-07-26 15:04:49 | INFO | Current training device: cuda
2026-07-26 15:04:49 | INFO | =============================
2026-07-26 15:04:49 | INFO | Using caller-provided splits: train=11064 validation=2371 test=2372
2026-07-26 15:04:53 | INFO | Token length stats (train sample): {'n_texts_measured': 3000, 'mean': 548.2096666666666, 'median': 501.0, 'p90': 918.0, 'p95': 1077.0499999999997, 'p99': 1414.0599999999986, 'pct_over_128': 0.9723333333333334, 'pct_over_256': 0.8686666666666667, 'pct_over_512': 0.4846666666666667, 'recommended_max_length': 256, 'recommendation_reason': 'Measured train token lengths: median≈501, 86.9% >256, 48.5% >512. Default max_length=256 is chosen for RTX 3060 VRAM headroom with dynamic padding and gradient accumulation; do not jump to 512 without an OOM check. Long ads are truncated — this is an explicit compute/quality trade-off.'}
2026-07-26 15:04:53 | INFO | Saved data_quality_report.json
2026-07-26 15:04:53 | INFO | Train-only class weights: [0.5235661555934128, 11.108433734939759]
2026-07-26 15:04:54 | INFO | Start fine-tuning: model=bert-base-uncased use_class_weights=True max_length=256 batch=8 accum=2
2026-07-26 15:08:18 | INFO | Epoch 1 | train_loss=0.5218 val_loss=0.3662 fraud_f1=0.6748 fraud_recall=0.5140 pr_auc=0.7979
2026-07-26 15:08:37 | INFO | New best checkpoint saved at epoch 1 (fraud_f1=0.6748)
2026-07-26 15:12:01 | INFO | Epoch 2 | train_loss=0.2591 val_loss=0.2259 fraud_f1=0.7611 fraud_recall=0.8037 pr_auc=0.8547
2026-07-26 15:12:20 | INFO | New best checkpoint saved at epoch 2 (fraud_f1=0.7611)
2026-07-26 15:15:44 | INFO | Epoch 3 | train_loss=0.1046 val_loss=0.2626 fraud_f1=0.8134 fraud_recall=0.7944 pr_auc=0.8721
2026-07-26 15:16:03 | INFO | New best checkpoint saved at epoch 3 (fraud_f1=0.8134)
2026-07-26 15:19:26 | INFO | Epoch 4 | train_loss=0.0406 val_loss=0.3232 fraud_f1=0.8557 fraud_recall=0.8037 pr_auc=0.8728
2026-07-26 15:19:45 | INFO | New best checkpoint saved at epoch 4 (fraud_f1=0.8557)
2026-07-26 15:23:08 | INFO | Epoch 5 | train_loss=0.0146 val_loss=0.3120 fraud_f1=0.8571 fraud_recall=0.8131 pr_auc=0.8722
2026-07-26 15:23:28 | INFO | New best checkpoint saved at epoch 5 (fraud_f1=0.8571)
2026-07-26 15:23:28 | INFO | Loading best checkpoint from F:\final-version-1\capstone-project-26t2-9900-h09c-almond\model_weights\bert\split_leakage\condition_b\seed_5\bert_class_weighted\best
2026-07-26 15:23:40 | INFO | Validation threshold selected on validation only: 0.1000 (fraud_f1=0.8641)
2026-07-26 15:23:54 | INFO | Test fraud_f1=0.8442 fraud_recall=0.7850 pr_auc=0.8842
2026-07-26 15:23:54 | INFO | Done. Artifacts under F:\final-version-1\capstone-project-26t2-9900-h09c-almond\model_weights\bert\split_leakage\condition_b\seed_5\bert_class_weighted and F:\final-version-1\capstone-project-26t2-9900-h09c-almond\model_results\bert\split_leakage\condition_b\seed_5
2026-07-26 15:23:54 | INFO | Finished condition=B seed=5 fraud_f1=0.8442 pr_auc=0.8842
2026-07-26 15:23:54 | INFO | === Train condition B seed 6 ===
