2026-07-26 13:13:37 | INFO | ======== Environment ========
2026-07-26 13:13:37 | INFO | Python executable      : E:\ml\venv\Scripts\python.exe
2026-07-26 13:13:37 | INFO | Python version         : 3.13.7 (tags/v3.13.7:bcee1c3, Aug 14 2025, 14:15:11) [MSC v.1944 64 bit (AMD64)]
2026-07-26 13:13:37 | INFO | PyTorch version        : 2.11.0+cu128
2026-07-26 13:13:37 | INFO | Transformers version   : 5.13.1
2026-07-26 13:13:37 | INFO | CUDA available         : True
2026-07-26 13:13:37 | INFO | PyTorch CUDA version   : 12.8
2026-07-26 13:13:37 | INFO | cuDNN version          : 91900
2026-07-26 13:13:37 | INFO | GPU name               : NVIDIA GeForce RTX 3060 Laptop GPU
2026-07-26 13:13:37 | INFO | GPU count              : 1
2026-07-26 13:13:37 | INFO | Current training device: cuda
2026-07-26 13:13:37 | INFO | =============================
2026-07-26 13:13:37 | INFO | Using caller-provided splits: train=12516 validation=2682 test=2682
2026-07-26 13:13:41 | INFO | Token length stats (train sample): {'n_texts_measured': 3000, 'mean': 534.213, 'median': 480.0, 'p90': 910.3999999999996, 'p95': 1064.0999999999995, 'p99': 1377.1099999999974, 'pct_over_128': 0.9643333333333334, 'pct_over_256': 0.8313333333333334, 'pct_over_512': 0.4646666666666667, 'recommended_max_length': 256, 'recommendation_reason': 'Measured train token lengths: median≈480, 83.1% >256, 46.5% >512. Default max_length=256 is chosen for RTX 3060 VRAM headroom with dynamic padding and gradient accumulation; do not jump to 512 without an OOM check. Long ads are truncated — this is an explicit compute/quality trade-off.'}
2026-07-26 13:13:41 | INFO | Saved data_quality_report.json
2026-07-26 13:13:41 | INFO | Train-only class weights: [0.52544080604534, 10.326732673267326]
2026-07-26 13:13:42 | INFO | Start fine-tuning: model=bert-base-uncased use_class_weights=True max_length=256 batch=8 accum=2
2026-07-26 13:17:33 | INFO | Epoch 1 | train_loss=0.4951 val_loss=0.5559 fraud_f1=0.5926 fraud_recall=0.4308 pr_auc=0.7932
2026-07-26 13:17:52 | INFO | New best checkpoint saved at epoch 1 (fraud_f1=0.5926)
2026-07-26 13:21:43 | INFO | Epoch 2 | train_loss=0.2270 val_loss=0.2058 fraud_f1=0.8327 fraud_recall=0.8231 pr_auc=0.8793
2026-07-26 13:22:02 | INFO | New best checkpoint saved at epoch 2 (fraud_f1=0.8327)
2026-07-26 13:25:51 | INFO | Epoch 3 | train_loss=0.0983 val_loss=0.2291 fraud_f1=0.8843 fraud_recall=0.8231 pr_auc=0.9066
2026-07-26 13:26:11 | INFO | New best checkpoint saved at epoch 3 (fraud_f1=0.8843)
2026-07-26 13:30:01 | INFO | Epoch 4 | train_loss=0.0471 val_loss=0.2858 fraud_f1=0.8735 fraud_recall=0.8231 pr_auc=0.8995
2026-07-26 13:30:01 | INFO | No improvement. Patience left: 1
2026-07-26 13:33:50 | INFO | Epoch 5 | train_loss=0.0155 val_loss=0.3321 fraud_f1=0.8664 fraud_recall=0.8231 pr_auc=0.8972
2026-07-26 13:33:50 | INFO | No improvement. Patience left: 0
2026-07-26 13:33:50 | INFO | Early stopping at epoch 5
2026-07-26 13:33:50 | INFO | Loading best checkpoint from F:\final-version-1\capstone-project-26t2-9900-h09c-almond\model_weights\bert\split_leakage\condition_a\seed_9\bert_class_weighted\best
2026-07-26 13:34:04 | INFO | Validation threshold selected on validation only: 0.1500 (fraud_f1=0.8898)
2026-07-26 13:34:19 | INFO | Test fraud_f1=0.9069 fraud_recall=0.8615 pr_auc=0.9373
2026-07-26 13:34:19 | INFO | Done. Artifacts under F:\final-version-1\capstone-project-26t2-9900-h09c-almond\model_weights\bert\split_leakage\condition_a\seed_9\bert_class_weighted and F:\final-version-1\capstone-project-26t2-9900-h09c-almond\model_results\bert\split_leakage\condition_a\seed_9
2026-07-26 13:34:19 | INFO | Finished condition=A seed=9 fraud_f1=0.9069 pr_auc=0.9373
2026-07-26 13:34:19 | INFO | === Train condition B seed 0 ===
