2026-07-26 12:36:02 | INFO | ======== Environment ========
2026-07-26 12:36:02 | INFO | Python executable      : E:\ml\venv\Scripts\python.exe
2026-07-26 12:36:02 | INFO | Python version         : 3.13.7 (tags/v3.13.7:bcee1c3, Aug 14 2025, 14:15:11) [MSC v.1944 64 bit (AMD64)]
2026-07-26 12:36:02 | INFO | PyTorch version        : 2.11.0+cu128
2026-07-26 12:36:02 | INFO | Transformers version   : 5.13.1
2026-07-26 12:36:02 | INFO | CUDA available         : True
2026-07-26 12:36:02 | INFO | PyTorch CUDA version   : 12.8
2026-07-26 12:36:02 | INFO | cuDNN version          : 91900
2026-07-26 12:36:02 | INFO | GPU name               : NVIDIA GeForce RTX 3060 Laptop GPU
2026-07-26 12:36:02 | INFO | GPU count              : 1
2026-07-26 12:36:02 | INFO | Current training device: cuda
2026-07-26 12:36:02 | INFO | =============================
2026-07-26 12:36:02 | INFO | Using caller-provided splits: train=12516 validation=2682 test=2682
2026-07-26 12:36:06 | INFO | Token length stats (train sample): {'n_texts_measured': 3000, 'mean': 534.2083333333334, 'median': 490.0, 'p90': 908.0999999999999, 'p95': 1068.0, 'p99': 1371.1199999999972, 'pct_over_128': 0.9703333333333334, 'pct_over_256': 0.839, 'pct_over_512': 0.4673333333333333, 'recommended_max_length': 256, 'recommendation_reason': 'Measured train token lengths: median≈490, 83.9% >256, 46.7% >512. Default max_length=256 is chosen for RTX 3060 VRAM headroom with dynamic padding and gradient accumulation; do not jump to 512 without an OOM check. Long ads are truncated — this is an explicit compute/quality trade-off.'}
2026-07-26 12:36:07 | INFO | Saved data_quality_report.json
2026-07-26 12:36:07 | INFO | Train-only class weights: [0.52544080604534, 10.326732673267326]
2026-07-26 12:36:07 | INFO | Start fine-tuning: model=bert-base-uncased use_class_weights=True max_length=256 batch=8 accum=2
2026-07-26 12:39:58 | INFO | Epoch 1 | train_loss=0.4534 val_loss=0.3893 fraud_f1=0.7545 fraud_recall=0.6385 pr_auc=0.8187
2026-07-26 12:40:17 | INFO | New best checkpoint saved at epoch 1 (fraud_f1=0.7545)
2026-07-26 12:44:07 | INFO | Epoch 2 | train_loss=0.1798 val_loss=0.3012 fraud_f1=0.8584 fraud_recall=0.7692 pr_auc=0.8969
2026-07-26 12:44:26 | INFO | New best checkpoint saved at epoch 2 (fraud_f1=0.8584)
2026-07-26 12:48:16 | INFO | Epoch 3 | train_loss=0.0669 val_loss=0.3623 fraud_f1=0.8760 fraud_recall=0.8154 pr_auc=0.8932
2026-07-26 12:48:35 | INFO | New best checkpoint saved at epoch 3 (fraud_f1=0.8760)
2026-07-26 12:52:24 | INFO | Epoch 4 | train_loss=0.0200 val_loss=0.4230 fraud_f1=0.8750 fraud_recall=0.8077 pr_auc=0.8916
2026-07-26 12:52:24 | INFO | No improvement. Patience left: 1
2026-07-26 12:56:12 | INFO | Epoch 5 | train_loss=0.0032 val_loss=0.4218 fraud_f1=0.8770 fraud_recall=0.8231 pr_auc=0.8779
2026-07-26 12:56:32 | INFO | New best checkpoint saved at epoch 5 (fraud_f1=0.8770)
2026-07-26 12:56:32 | INFO | Loading best checkpoint from F:\final-version-1\capstone-project-26t2-9900-h09c-almond\model_weights\bert\split_leakage\condition_a\seed_7\bert_class_weighted\best
2026-07-26 12:56:45 | INFO | Validation threshold selected on validation only: 0.7500 (fraud_f1=0.8807)
2026-07-26 12:57:01 | INFO | Test fraud_f1=0.8390 fraud_recall=0.7615 pr_auc=0.8773
2026-07-26 12:57:01 | INFO | Done. Artifacts under F:\final-version-1\capstone-project-26t2-9900-h09c-almond\model_weights\bert\split_leakage\condition_a\seed_7\bert_class_weighted and F:\final-version-1\capstone-project-26t2-9900-h09c-almond\model_results\bert\split_leakage\condition_a\seed_7
2026-07-26 12:57:01 | INFO | Finished condition=A seed=7 fraud_f1=0.8390 pr_auc=0.8773
2026-07-26 12:57:01 | INFO | === Train condition A seed 8 ===
