2026-07-26 15:23:54 | INFO | ======== Environment ========
2026-07-26 15:23:54 | INFO | Python executable      : E:\ml\venv\Scripts\python.exe
2026-07-26 15:23:54 | INFO | Python version         : 3.13.7 (tags/v3.13.7:bcee1c3, Aug 14 2025, 14:15:11) [MSC v.1944 64 bit (AMD64)]
2026-07-26 15:23:54 | INFO | PyTorch version        : 2.11.0+cu128
2026-07-26 15:23:54 | INFO | Transformers version   : 5.13.1
2026-07-26 15:23:54 | INFO | CUDA available         : True
2026-07-26 15:23:54 | INFO | PyTorch CUDA version   : 12.8
2026-07-26 15:23:54 | INFO | cuDNN version          : 91900
2026-07-26 15:23:54 | INFO | GPU name               : NVIDIA GeForce RTX 3060 Laptop GPU
2026-07-26 15:23:54 | INFO | GPU count              : 1
2026-07-26 15:23:54 | INFO | Current training device: cuda
2026-07-26 15:23:54 | INFO | =============================
2026-07-26 15:23:54 | INFO | Using caller-provided splits: train=11064 validation=2371 test=2372
2026-07-26 15:23:59 | INFO | Token length stats (train sample): {'n_texts_measured': 3000, 'mean': 554.324, 'median': 509.5, 'p90': 934.1999999999998, 'p95': 1086.0, 'p99': 1441.0, 'pct_over_128': 0.9713333333333334, 'pct_over_256': 0.8716666666666667, 'pct_over_512': 0.49666666666666665, 'recommended_max_length': 256, 'recommendation_reason': 'Measured train token lengths: median≈510, 87.2% >256, 49.7% >512. Default max_length=256 is chosen for RTX 3060 VRAM headroom with dynamic padding and gradient accumulation; do not jump to 512 without an OOM check. Long ads are truncated — this is an explicit compute/quality trade-off.'}
2026-07-26 15:23:59 | INFO | Saved data_quality_report.json
2026-07-26 15:23:59 | INFO | Train-only class weights: [0.5235661555934128, 11.108433734939759]
2026-07-26 15:24:00 | INFO | Start fine-tuning: model=bert-base-uncased use_class_weights=True max_length=256 batch=8 accum=2
2026-07-26 15:27:25 | INFO | Epoch 1 | train_loss=0.5217 val_loss=0.2450 fraud_f1=0.7282 fraud_recall=0.7009 pr_auc=0.7861
2026-07-26 15:27:43 | INFO | New best checkpoint saved at epoch 1 (fraud_f1=0.7282)
2026-07-26 15:31:06 | INFO | Epoch 2 | train_loss=0.2551 val_loss=0.2857 fraud_f1=0.8394 fraud_recall=0.7570 pr_auc=0.8884
2026-07-26 15:31:25 | INFO | New best checkpoint saved at epoch 2 (fraud_f1=0.8394)
2026-07-26 15:34:48 | INFO | Epoch 3 | train_loss=0.0876 val_loss=0.2391 fraud_f1=0.8599 fraud_recall=0.8318 pr_auc=0.8848
2026-07-26 15:35:07 | INFO | New best checkpoint saved at epoch 3 (fraud_f1=0.8599)
2026-07-26 15:38:30 | INFO | Epoch 4 | train_loss=0.0294 val_loss=0.2389 fraud_f1=0.8900 fraud_recall=0.8318 pr_auc=0.8926
2026-07-26 15:38:49 | INFO | New best checkpoint saved at epoch 4 (fraud_f1=0.8900)
2026-07-26 15:42:12 | INFO | Epoch 5 | train_loss=0.0083 val_loss=0.2512 fraud_f1=0.8867 fraud_recall=0.8411 pr_auc=0.8811
2026-07-26 15:42:12 | INFO | No improvement. Patience left: 1
2026-07-26 15:42:12 | INFO | Loading best checkpoint from F:\final-version-1\capstone-project-26t2-9900-h09c-almond\model_weights\bert\split_leakage\condition_b\seed_6\bert_class_weighted\best
2026-07-26 15:42:25 | INFO | Validation threshold selected on validation only: 0.7000 (fraud_f1=0.8990)
2026-07-26 15:42:38 | INFO | Test fraud_f1=0.8377 fraud_recall=0.7477 pr_auc=0.8536
2026-07-26 15:42:38 | INFO | Done. Artifacts under F:\final-version-1\capstone-project-26t2-9900-h09c-almond\model_weights\bert\split_leakage\condition_b\seed_6\bert_class_weighted and F:\final-version-1\capstone-project-26t2-9900-h09c-almond\model_results\bert\split_leakage\condition_b\seed_6
2026-07-26 15:42:38 | INFO | Finished condition=B seed=6 fraud_f1=0.8377 pr_auc=0.8536
2026-07-26 15:42:38 | INFO | === Train condition B seed 7 ===
