2026-07-26 12:57:01 | INFO | ======== Environment ========
2026-07-26 12:57:01 | INFO | Python executable      : E:\ml\venv\Scripts\python.exe
2026-07-26 12:57:01 | INFO | Python version         : 3.13.7 (tags/v3.13.7:bcee1c3, Aug 14 2025, 14:15:11) [MSC v.1944 64 bit (AMD64)]
2026-07-26 12:57:01 | INFO | PyTorch version        : 2.11.0+cu128
2026-07-26 12:57:01 | INFO | Transformers version   : 5.13.1
2026-07-26 12:57:01 | INFO | CUDA available         : True
2026-07-26 12:57:01 | INFO | PyTorch CUDA version   : 12.8
2026-07-26 12:57:01 | INFO | cuDNN version          : 91900
2026-07-26 12:57:01 | INFO | GPU name               : NVIDIA GeForce RTX 3060 Laptop GPU
2026-07-26 12:57:01 | INFO | GPU count              : 1
2026-07-26 12:57:01 | INFO | Current training device: cuda
2026-07-26 12:57:01 | INFO | =============================
2026-07-26 12:57:01 | INFO | Using caller-provided splits: train=12516 validation=2682 test=2682
2026-07-26 12:57:06 | INFO | Token length stats (train sample): {'n_texts_measured': 3000, 'mean': 530.2023333333333, 'median': 487.0, 'p90': 895.0, 'p95': 1039.2499999999986, 'p99': 1369.0099999999998, 'pct_over_128': 0.9663333333333334, 'pct_over_256': 0.847, 'pct_over_512': 0.465, 'recommended_max_length': 256, 'recommendation_reason': 'Measured train token lengths: median≈487, 84.7% >256, 46.5% >512. Default max_length=256 is chosen for RTX 3060 VRAM headroom with dynamic padding and gradient accumulation; do not jump to 512 without an OOM check. Long ads are truncated — this is an explicit compute/quality trade-off.'}
2026-07-26 12:57:06 | INFO | Saved data_quality_report.json
2026-07-26 12:57:06 | INFO | Train-only class weights: [0.52544080604534, 10.326732673267326]
2026-07-26 12:57:07 | INFO | Start fine-tuning: model=bert-base-uncased use_class_weights=True max_length=256 batch=8 accum=2
2026-07-26 13:00:58 | INFO | Epoch 1 | train_loss=0.4856 val_loss=0.2570 fraud_f1=0.7803 fraud_recall=0.7923 pr_auc=0.8533
2026-07-26 13:01:18 | INFO | New best checkpoint saved at epoch 1 (fraud_f1=0.7803)
2026-07-26 13:05:08 | INFO | Epoch 2 | train_loss=0.2044 val_loss=0.2861 fraud_f1=0.8439 fraud_recall=0.7692 pr_auc=0.8891
2026-07-26 13:05:28 | INFO | New best checkpoint saved at epoch 2 (fraud_f1=0.8439)
2026-07-26 13:09:18 | INFO | Epoch 3 | train_loss=0.0784 val_loss=0.4272 fraud_f1=0.8407 fraud_recall=0.7308 pr_auc=0.8829
2026-07-26 13:09:18 | INFO | No improvement. Patience left: 1
2026-07-26 13:13:07 | INFO | Epoch 4 | train_loss=0.0314 val_loss=0.3998 fraud_f1=0.8412 fraud_recall=0.7538 pr_auc=0.8941
2026-07-26 13:13:07 | INFO | No improvement. Patience left: 0
2026-07-26 13:13:07 | INFO | Early stopping at epoch 4
2026-07-26 13:13:07 | INFO | Loading best checkpoint from F:\final-version-1\capstone-project-26t2-9900-h09c-almond\model_weights\bert\split_leakage\condition_a\seed_8\bert_class_weighted\best
2026-07-26 13:13:21 | INFO | Validation threshold selected on validation only: 0.5000 (fraud_f1=0.8439)
2026-07-26 13:13:36 | INFO | Test fraud_f1=0.8607 fraud_recall=0.8077 pr_auc=0.9155
2026-07-26 13:13:36 | INFO | Done. Artifacts under F:\final-version-1\capstone-project-26t2-9900-h09c-almond\model_weights\bert\split_leakage\condition_a\seed_8\bert_class_weighted and F:\final-version-1\capstone-project-26t2-9900-h09c-almond\model_results\bert\split_leakage\condition_a\seed_8
2026-07-26 13:13:36 | INFO | Finished condition=A seed=8 fraud_f1=0.8607 pr_auc=0.9155
2026-07-26 13:13:37 | INFO | === Train condition A seed 9 ===
