2026-07-26 13:49:05 | INFO | ======== Environment ========
2026-07-26 13:49:05 | INFO | Python executable      : E:\ml\venv\Scripts\python.exe
2026-07-26 13:49:05 | INFO | Python version         : 3.13.7 (tags/v3.13.7:bcee1c3, Aug 14 2025, 14:15:11) [MSC v.1944 64 bit (AMD64)]
2026-07-26 13:49:05 | INFO | PyTorch version        : 2.11.0+cu128
2026-07-26 13:49:05 | INFO | Transformers version   : 5.13.1
2026-07-26 13:49:05 | INFO | CUDA available         : True
2026-07-26 13:49:05 | INFO | PyTorch CUDA version   : 12.8
2026-07-26 13:49:05 | INFO | cuDNN version          : 91900
2026-07-26 13:49:05 | INFO | GPU name               : NVIDIA GeForce RTX 3060 Laptop GPU
2026-07-26 13:49:05 | INFO | GPU count              : 1
2026-07-26 13:49:05 | INFO | Current training device: cuda
2026-07-26 13:49:05 | INFO | =============================
2026-07-26 13:49:05 | INFO | Using caller-provided splits: train=11064 validation=2371 test=2372
2026-07-26 13:49:10 | INFO | Token length stats (train sample): {'n_texts_measured': 3000, 'mean': 555.6443333333333, 'median': 512.5, 'p90': 937.0999999999999, 'p95': 1085.0999999999995, 'p99': 1509.0299999999993, 'pct_over_128': 0.972, 'pct_over_256': 0.8683333333333333, 'pct_over_512': 0.5, 'recommended_max_length': 256, 'recommendation_reason': 'Measured train token lengths: median≈512, 86.8% >256, 50.0% >512. Default max_length=256 is chosen for RTX 3060 VRAM headroom with dynamic padding and gradient accumulation; do not jump to 512 without an OOM check. Long ads are truncated — this is an explicit compute/quality trade-off.'}
2026-07-26 13:49:10 | INFO | Saved data_quality_report.json
2026-07-26 13:49:10 | INFO | Train-only class weights: [0.5235661555934128, 11.108433734939759]
2026-07-26 13:49:11 | INFO | Start fine-tuning: model=bert-base-uncased use_class_weights=True max_length=256 batch=8 accum=2
2026-07-26 13:52:35 | INFO | Epoch 1 | train_loss=0.4934 val_loss=0.5346 fraud_f1=0.6358 fraud_recall=0.5140 pr_auc=0.6874
2026-07-26 13:52:54 | INFO | New best checkpoint saved at epoch 1 (fraud_f1=0.6358)
2026-07-26 13:56:18 | INFO | Epoch 2 | train_loss=0.2573 val_loss=0.3372 fraud_f1=0.7921 fraud_recall=0.7477 pr_auc=0.8371
2026-07-26 13:56:37 | INFO | New best checkpoint saved at epoch 2 (fraud_f1=0.7921)
2026-07-26 14:00:01 | INFO | Epoch 3 | train_loss=0.1160 val_loss=0.3479 fraud_f1=0.8223 fraud_recall=0.7570 pr_auc=0.8436
2026-07-26 14:00:21 | INFO | New best checkpoint saved at epoch 3 (fraud_f1=0.8223)
2026-07-26 14:03:44 | INFO | Epoch 4 | train_loss=0.0354 val_loss=0.3382 fraud_f1=0.8300 fraud_recall=0.7757 pr_auc=0.8479
2026-07-26 14:04:04 | INFO | New best checkpoint saved at epoch 4 (fraud_f1=0.8300)
2026-07-26 14:07:27 | INFO | Epoch 5 | train_loss=0.0110 val_loss=0.3658 fraud_f1=0.8358 fraud_recall=0.7850 pr_auc=0.8223
2026-07-26 14:07:46 | INFO | New best checkpoint saved at epoch 5 (fraud_f1=0.8358)
2026-07-26 14:07:47 | INFO | Loading best checkpoint from F:\final-version-1\capstone-project-26t2-9900-h09c-almond\model_weights\bert\split_leakage\condition_b\seed_1\bert_class_weighted\best
2026-07-26 14:07:59 | INFO | Validation threshold selected on validation only: 0.8500 (fraud_f1=0.8400)
2026-07-26 14:08:12 | INFO | Test fraud_f1=0.8085 fraud_recall=0.7103 pr_auc=0.8533
2026-07-26 14:08:12 | INFO | Done. Artifacts under F:\final-version-1\capstone-project-26t2-9900-h09c-almond\model_weights\bert\split_leakage\condition_b\seed_1\bert_class_weighted and F:\final-version-1\capstone-project-26t2-9900-h09c-almond\model_results\bert\split_leakage\condition_b\seed_1
2026-07-26 14:08:12 | INFO | Finished condition=B seed=1 fraud_f1=0.8085 pr_auc=0.8533
2026-07-26 14:08:12 | INFO | === Train condition B seed 2 ===
