2026-07-26 17:53:17 | INFO | ======== Environment ========
2026-07-26 17:53:17 | INFO | Python executable      : E:\ml\venv\Scripts\python.exe
2026-07-26 17:53:17 | INFO | Python version         : 3.13.7 (tags/v3.13.7:bcee1c3, Aug 14 2025, 14:15:11) [MSC v.1944 64 bit (AMD64)]
2026-07-26 17:53:17 | INFO | PyTorch version        : 2.11.0+cu128
2026-07-26 17:53:17 | INFO | Transformers version   : 5.13.1
2026-07-26 17:53:17 | INFO | CUDA available         : True
2026-07-26 17:53:17 | INFO | PyTorch CUDA version   : 12.8
2026-07-26 17:53:17 | INFO | cuDNN version          : 91900
2026-07-26 17:53:17 | INFO | GPU name               : NVIDIA GeForce RTX 3060 Laptop GPU
2026-07-26 17:53:17 | INFO | GPU count              : 1
2026-07-26 17:53:17 | INFO | Current training device: cuda
2026-07-26 17:53:17 | INFO | =============================
2026-07-26 17:53:17 | INFO | Using caller-provided splits: train=11064 validation=2371 test=2372
2026-07-26 17:53:22 | INFO | Token length stats (train sample): {'n_texts_measured': 3000, 'mean': 567.1446666666667, 'median': 514.0, 'p90': 960.0, 'p95': 1121.0499999999997, 'p99': 1611.0899999999979, 'pct_over_128': 0.9706666666666667, 'pct_over_256': 0.8783333333333333, 'pct_over_512': 0.5023333333333333, 'recommended_max_length': 256, 'recommendation_reason': 'Measured train token lengths: median≈514, 87.8% >256, 50.2% >512. Default max_length=256 is chosen for RTX 3060 VRAM headroom with dynamic padding and gradient accumulation; do not jump to 512 without an OOM check. Long ads are truncated — this is an explicit compute/quality trade-off.'}
2026-07-26 17:53:22 | INFO | Saved data_quality_report.json
2026-07-26 17:53:22 | INFO | Train-only class weights: [0.5235661555934128, 11.108433734939759]
2026-07-26 17:53:22 | INFO | Start fine-tuning: model=bert-base-uncased use_class_weights=True max_length=256 batch=8 accum=2
2026-07-26 17:56:45 | INFO | Epoch 1 | train_loss=0.5148 val_loss=0.4698 fraud_f1=0.7168 fraud_recall=0.5794 pr_auc=0.7689
2026-07-26 17:57:04 | INFO | New best checkpoint saved at epoch 1 (fraud_f1=0.7168)
2026-07-26 18:00:28 | INFO | Epoch 2 | train_loss=0.2395 val_loss=0.3316 fraud_f1=0.7524 fraud_recall=0.7383 pr_auc=0.8139
2026-07-26 18:00:48 | INFO | New best checkpoint saved at epoch 2 (fraud_f1=0.7524)
2026-07-26 18:04:09 | INFO | Epoch 3 | train_loss=0.1063 val_loss=0.2849 fraud_f1=0.7707 fraud_recall=0.7383 pr_auc=0.8334
2026-07-26 18:04:28 | INFO | New best checkpoint saved at epoch 3 (fraud_f1=0.7707)
2026-07-26 18:07:50 | INFO | Epoch 4 | train_loss=0.0406 val_loss=0.3770 fraud_f1=0.7778 fraud_recall=0.7196 pr_auc=0.8379
2026-07-26 18:08:10 | INFO | New best checkpoint saved at epoch 4 (fraud_f1=0.7778)
2026-07-26 18:11:32 | INFO | Epoch 5 | train_loss=0.0119 val_loss=0.4156 fraud_f1=0.7831 fraud_recall=0.6916 pr_auc=0.8456
2026-07-26 18:11:52 | INFO | New best checkpoint saved at epoch 5 (fraud_f1=0.7831)
2026-07-26 18:11:52 | INFO | Loading best checkpoint from F:\final-version-1\capstone-project-26t2-9900-h09c-almond\model_weights\bert\split_leakage\condition_c\seed_4\bert_class_weighted\best
2026-07-26 18:12:04 | INFO | Validation threshold selected on validation only: 0.1500 (fraud_f1=0.7917)
2026-07-26 18:12:20 | INFO | Test fraud_f1=0.8083 fraud_recall=0.7290 pr_auc=0.8390
2026-07-26 18:12:20 | INFO | Done. Artifacts under F:\final-version-1\capstone-project-26t2-9900-h09c-almond\model_weights\bert\split_leakage\condition_c\seed_4\bert_class_weighted and F:\final-version-1\capstone-project-26t2-9900-h09c-almond\model_results\bert\split_leakage\condition_c\seed_4
2026-07-26 18:12:20 | INFO | Finished condition=C seed=4 fraud_f1=0.8083 pr_auc=0.8390
2026-07-26 18:12:20 | INFO | === Train condition C seed 5 ===
