2026-07-26 19:09:57 | INFO | ======== Environment ========
2026-07-26 19:09:57 | INFO | Python executable      : E:\ml\venv\Scripts\python.exe
2026-07-26 19:09:57 | INFO | Python version         : 3.13.7 (tags/v3.13.7:bcee1c3, Aug 14 2025, 14:15:11) [MSC v.1944 64 bit (AMD64)]
2026-07-26 19:09:57 | INFO | PyTorch version        : 2.11.0+cu128
2026-07-26 19:09:57 | INFO | Transformers version   : 5.13.1
2026-07-26 19:09:57 | INFO | CUDA available         : True
2026-07-26 19:09:57 | INFO | PyTorch CUDA version   : 12.8
2026-07-26 19:09:57 | INFO | cuDNN version          : 91900
2026-07-26 19:09:57 | INFO | GPU name               : NVIDIA GeForce RTX 3060 Laptop GPU
2026-07-26 19:09:57 | INFO | GPU count              : 1
2026-07-26 19:09:57 | INFO | Current training device: cuda
2026-07-26 19:09:57 | INFO | =============================
2026-07-26 19:09:57 | INFO | Using caller-provided splits: train=11065 validation=2371 test=2371
2026-07-26 19:10:02 | INFO | Token length stats (train sample): {'n_texts_measured': 3000, 'mean': 570.4046666666667, 'median': 519.0, 'p90': 951.0, 'p95': 1111.0999999999995, 'p99': 1545.0499999999988, 'pct_over_128': 0.974, 'pct_over_256': 0.886, 'pct_over_512': 0.51, 'recommended_max_length': 256, 'recommendation_reason': 'Measured train token lengths: median≈519, 88.6% >256, 51.0% >512. Default max_length=256 is chosen for RTX 3060 VRAM headroom with dynamic padding and gradient accumulation; do not jump to 512 without an OOM check. Long ads are truncated — this is an explicit compute/quality trade-off.'}
2026-07-26 19:10:02 | INFO | Saved data_quality_report.json
2026-07-26 19:10:02 | INFO | Train-only class weights: [0.52356392542822, 11.109437751004016]
2026-07-26 19:10:03 | INFO | Start fine-tuning: model=bert-base-uncased use_class_weights=True max_length=256 batch=8 accum=2
2026-07-26 19:13:31 | INFO | Epoch 1 | train_loss=0.4841 val_loss=0.2957 fraud_f1=0.5896 fraud_recall=0.6916 pr_auc=0.6509
2026-07-26 19:13:51 | INFO | New best checkpoint saved at epoch 1 (fraud_f1=0.5896)
2026-07-26 19:17:18 | INFO | Epoch 2 | train_loss=0.2710 val_loss=0.2749 fraud_f1=0.7500 fraud_recall=0.6729 pr_auc=0.8000
2026-07-26 19:17:38 | INFO | New best checkpoint saved at epoch 2 (fraud_f1=0.7500)
2026-07-26 19:21:04 | INFO | Epoch 3 | train_loss=0.1033 val_loss=0.3018 fraud_f1=0.8081 fraud_recall=0.7477 pr_auc=0.8470
2026-07-26 19:21:24 | INFO | New best checkpoint saved at epoch 3 (fraud_f1=0.8081)
2026-07-26 19:24:50 | INFO | Epoch 4 | train_loss=0.0228 val_loss=0.3011 fraud_f1=0.7887 fraud_recall=0.7850 pr_auc=0.8261
2026-07-26 19:24:50 | INFO | No improvement. Patience left: 1
2026-07-26 19:28:17 | INFO | Epoch 5 | train_loss=0.0110 val_loss=0.3355 fraud_f1=0.8100 fraud_recall=0.7570 pr_auc=0.8351
2026-07-26 19:28:37 | INFO | New best checkpoint saved at epoch 5 (fraud_f1=0.8100)
2026-07-26 19:28:37 | INFO | Loading best checkpoint from F:\final-version-1\capstone-project-26t2-9900-h09c-almond\model_weights\bert\split_leakage\condition_c\seed_8\bert_class_weighted\best
2026-07-26 19:28:50 | INFO | Validation threshold selected on validation only: 0.3500 (fraud_f1=0.8177)
2026-07-26 19:29:06 | INFO | Test fraud_f1=0.8137 fraud_recall=0.7757 pr_auc=0.8535
2026-07-26 19:29:06 | INFO | Done. Artifacts under F:\final-version-1\capstone-project-26t2-9900-h09c-almond\model_weights\bert\split_leakage\condition_c\seed_8\bert_class_weighted and F:\final-version-1\capstone-project-26t2-9900-h09c-almond\model_results\bert\split_leakage\condition_c\seed_8
2026-07-26 19:29:06 | INFO | Finished condition=C seed=8 fraud_f1=0.8137 pr_auc=0.8535
2026-07-26 19:29:06 | INFO | === Train condition C seed 9 ===
