2026-07-26 15:42:38 | INFO | ======== Environment ========
2026-07-26 15:42:38 | INFO | Python executable      : E:\ml\venv\Scripts\python.exe
2026-07-26 15:42:38 | INFO | Python version         : 3.13.7 (tags/v3.13.7:bcee1c3, Aug 14 2025, 14:15:11) [MSC v.1944 64 bit (AMD64)]
2026-07-26 15:42:38 | INFO | PyTorch version        : 2.11.0+cu128
2026-07-26 15:42:38 | INFO | Transformers version   : 5.13.1
2026-07-26 15:42:38 | INFO | CUDA available         : True
2026-07-26 15:42:38 | INFO | PyTorch CUDA version   : 12.8
2026-07-26 15:42:38 | INFO | cuDNN version          : 91900
2026-07-26 15:42:38 | INFO | GPU name               : NVIDIA GeForce RTX 3060 Laptop GPU
2026-07-26 15:42:38 | INFO | GPU count              : 1
2026-07-26 15:42:38 | INFO | Current training device: cuda
2026-07-26 15:42:38 | INFO | =============================
2026-07-26 15:42:38 | INFO | Using caller-provided splits: train=11064 validation=2371 test=2372
2026-07-26 15:42:43 | INFO | Token length stats (train sample): {'n_texts_measured': 3000, 'mean': 550.354, 'median': 509.0, 'p90': 912.0, 'p95': 1059.0999999999995, 'p99': 1443.0199999999995, 'pct_over_128': 0.9686666666666667, 'pct_over_256': 0.8663333333333333, 'pct_over_512': 0.49466666666666664, 'recommended_max_length': 256, 'recommendation_reason': 'Measured train token lengths: median≈509, 86.6% >256, 49.5% >512. Default max_length=256 is chosen for RTX 3060 VRAM headroom with dynamic padding and gradient accumulation; do not jump to 512 without an OOM check. Long ads are truncated — this is an explicit compute/quality trade-off.'}
2026-07-26 15:42:43 | INFO | Saved data_quality_report.json
2026-07-26 15:42:43 | INFO | Train-only class weights: [0.5235661555934128, 11.108433734939759]
2026-07-26 15:42:43 | INFO | Start fine-tuning: model=bert-base-uncased use_class_weights=True max_length=256 batch=8 accum=2
2026-07-26 15:46:07 | INFO | Epoch 1 | train_loss=0.5056 val_loss=0.4815 fraud_f1=0.6629 fraud_recall=0.5514 pr_auc=0.7518
2026-07-26 15:46:27 | INFO | New best checkpoint saved at epoch 1 (fraud_f1=0.6629)
2026-07-26 15:49:50 | INFO | Epoch 2 | train_loss=0.2506 val_loss=0.2090 fraud_f1=0.7653 fraud_recall=0.7009 pr_auc=0.8597
2026-07-26 15:50:09 | INFO | New best checkpoint saved at epoch 2 (fraud_f1=0.7653)
2026-07-26 15:53:33 | INFO | Epoch 3 | train_loss=0.0961 val_loss=0.2836 fraud_f1=0.8134 fraud_recall=0.7944 pr_auc=0.8479
2026-07-26 15:53:52 | INFO | New best checkpoint saved at epoch 3 (fraud_f1=0.8134)
2026-07-26 15:57:15 | INFO | Epoch 4 | train_loss=0.0314 val_loss=0.3795 fraud_f1=0.7980 fraud_recall=0.7383 pr_auc=0.8705
2026-07-26 15:57:15 | INFO | No improvement. Patience left: 1
2026-07-26 16:00:37 | INFO | Epoch 5 | train_loss=0.0127 val_loss=0.3900 fraud_f1=0.8040 fraud_recall=0.7477 pr_auc=0.8643
2026-07-26 16:00:37 | INFO | No improvement. Patience left: 0
2026-07-26 16:00:37 | INFO | Early stopping at epoch 5
2026-07-26 16:00:38 | INFO | Loading best checkpoint from F:\final-version-1\capstone-project-26t2-9900-h09c-almond\model_weights\bert\split_leakage\condition_b\seed_7\bert_class_weighted\best
2026-07-26 16:00:50 | INFO | Validation threshold selected on validation only: 0.8000 (fraud_f1=0.8333)
2026-07-26 16:01:05 | INFO | Test fraud_f1=0.8333 fraud_recall=0.7944 pr_auc=0.8776
2026-07-26 16:01:05 | INFO | Done. Artifacts under F:\final-version-1\capstone-project-26t2-9900-h09c-almond\model_weights\bert\split_leakage\condition_b\seed_7\bert_class_weighted and F:\final-version-1\capstone-project-26t2-9900-h09c-almond\model_results\bert\split_leakage\condition_b\seed_7
2026-07-26 16:01:05 | INFO | Finished condition=B seed=7 fraud_f1=0.8333 pr_auc=0.8776
2026-07-26 16:01:05 | INFO | === Train condition B seed 8 ===
