2026-07-26 12:15:21 | INFO | ======== Environment ========
2026-07-26 12:15:21 | INFO | Python executable      : E:\ml\venv\Scripts\python.exe
2026-07-26 12:15:21 | INFO | Python version         : 3.13.7 (tags/v3.13.7:bcee1c3, Aug 14 2025, 14:15:11) [MSC v.1944 64 bit (AMD64)]
2026-07-26 12:15:21 | INFO | PyTorch version        : 2.11.0+cu128
2026-07-26 12:15:21 | INFO | Transformers version   : 5.13.1
2026-07-26 12:15:21 | INFO | CUDA available         : True
2026-07-26 12:15:21 | INFO | PyTorch CUDA version   : 12.8
2026-07-26 12:15:21 | INFO | cuDNN version          : 91900
2026-07-26 12:15:21 | INFO | GPU name               : NVIDIA GeForce RTX 3060 Laptop GPU
2026-07-26 12:15:21 | INFO | GPU count              : 1
2026-07-26 12:15:21 | INFO | Current training device: cuda
2026-07-26 12:15:21 | INFO | =============================
2026-07-26 12:15:21 | INFO | Using caller-provided splits: train=12516 validation=2682 test=2682
2026-07-26 12:15:26 | INFO | Token length stats (train sample): {'n_texts_measured': 3000, 'mean': 528.894, 'median': 477.0, 'p90': 916.1999999999998, 'p95': 1064.0, 'p99': 1370.0, 'pct_over_128': 0.966, 'pct_over_256': 0.835, 'pct_over_512': 0.45166666666666666, 'recommended_max_length': 256, 'recommendation_reason': 'Measured train token lengths: median≈477, 83.5% >256, 45.2% >512. Default max_length=256 is chosen for RTX 3060 VRAM headroom with dynamic padding and gradient accumulation; do not jump to 512 without an OOM check. Long ads are truncated — this is an explicit compute/quality trade-off.'}
2026-07-26 12:15:26 | INFO | Saved data_quality_report.json
2026-07-26 12:15:26 | INFO | Train-only class weights: [0.52544080604534, 10.326732673267326]
2026-07-26 12:15:27 | INFO | Start fine-tuning: model=bert-base-uncased use_class_weights=True max_length=256 batch=8 accum=2
2026-07-26 12:19:18 | INFO | Epoch 1 | train_loss=0.5184 val_loss=0.3848 fraud_f1=0.6566 fraud_recall=0.5000 pr_auc=0.8482
2026-07-26 12:19:37 | INFO | New best checkpoint saved at epoch 1 (fraud_f1=0.6566)
2026-07-26 12:23:27 | INFO | Epoch 2 | train_loss=0.2367 val_loss=0.2336 fraud_f1=0.8340 fraud_recall=0.7538 pr_auc=0.9074
2026-07-26 12:23:46 | INFO | New best checkpoint saved at epoch 2 (fraud_f1=0.8340)
2026-07-26 12:27:35 | INFO | Epoch 3 | train_loss=0.0929 val_loss=0.1271 fraud_f1=0.8636 fraud_recall=0.8769 pr_auc=0.9183
2026-07-26 12:27:55 | INFO | New best checkpoint saved at epoch 3 (fraud_f1=0.8636)
2026-07-26 12:31:43 | INFO | Epoch 4 | train_loss=0.0264 val_loss=0.1968 fraud_f1=0.8504 fraud_recall=0.8308 pr_auc=0.8950
2026-07-26 12:31:43 | INFO | No improvement. Patience left: 1
2026-07-26 12:35:32 | INFO | Epoch 5 | train_loss=0.0110 val_loss=0.2567 fraud_f1=0.8583 fraud_recall=0.8154 pr_auc=0.8994
2026-07-26 12:35:32 | INFO | No improvement. Patience left: 0
2026-07-26 12:35:32 | INFO | Early stopping at epoch 5
2026-07-26 12:35:33 | INFO | Loading best checkpoint from F:\final-version-1\capstone-project-26t2-9900-h09c-almond\model_weights\bert\split_leakage\condition_a\seed_6\bert_class_weighted\best
2026-07-26 12:35:46 | INFO | Validation threshold selected on validation only: 0.6500 (fraud_f1=0.8736)
2026-07-26 12:36:02 | INFO | Test fraud_f1=0.8664 fraud_recall=0.8231 pr_auc=0.8881
2026-07-26 12:36:02 | INFO | Done. Artifacts under F:\final-version-1\capstone-project-26t2-9900-h09c-almond\model_weights\bert\split_leakage\condition_a\seed_6\bert_class_weighted and F:\final-version-1\capstone-project-26t2-9900-h09c-almond\model_results\bert\split_leakage\condition_a\seed_6
2026-07-26 12:36:02 | INFO | Finished condition=A seed=6 fraud_f1=0.8664 pr_auc=0.8881
2026-07-26 12:36:02 | INFO | === Train condition A seed 7 ===
