2026-07-26 19:29:06 | INFO | ======== Environment ========
2026-07-26 19:29:06 | INFO | Python executable      : E:\ml\venv\Scripts\python.exe
2026-07-26 19:29:06 | INFO | Python version         : 3.13.7 (tags/v3.13.7:bcee1c3, Aug 14 2025, 14:15:11) [MSC v.1944 64 bit (AMD64)]
2026-07-26 19:29:06 | INFO | PyTorch version        : 2.11.0+cu128
2026-07-26 19:29:06 | INFO | Transformers version   : 5.13.1
2026-07-26 19:29:06 | INFO | CUDA available         : True
2026-07-26 19:29:06 | INFO | PyTorch CUDA version   : 12.8
2026-07-26 19:29:06 | INFO | cuDNN version          : 91900
2026-07-26 19:29:06 | INFO | GPU name               : NVIDIA GeForce RTX 3060 Laptop GPU
2026-07-26 19:29:06 | INFO | GPU count              : 1
2026-07-26 19:29:06 | INFO | Current training device: cuda
2026-07-26 19:29:06 | INFO | =============================
2026-07-26 19:29:06 | INFO | Using caller-provided splits: train=11065 validation=2371 test=2371
2026-07-26 19:29:13 | INFO | Token length stats (train sample): {'n_texts_measured': 3000, 'mean': 550.0493333333334, 'median': 507.0, 'p90': 903.0999999999999, 'p95': 1041.1499999999992, 'p99': 1470.5199999999877, 'pct_over_128': 0.9743333333333334, 'pct_over_256': 0.8816666666666667, 'pct_over_512': 0.49266666666666664, 'recommended_max_length': 256, 'recommendation_reason': 'Measured train token lengths: median≈507, 88.2% >256, 49.3% >512. Default max_length=256 is chosen for RTX 3060 VRAM headroom with dynamic padding and gradient accumulation; do not jump to 512 without an OOM check. Long ads are truncated — this is an explicit compute/quality trade-off.'}
2026-07-26 19:29:13 | INFO | Saved data_quality_report.json
2026-07-26 19:29:13 | INFO | Train-only class weights: [0.52356392542822, 11.109437751004016]
2026-07-26 19:29:14 | INFO | Start fine-tuning: model=bert-base-uncased use_class_weights=True max_length=256 batch=8 accum=2
2026-07-26 19:32:43 | INFO | Epoch 1 | train_loss=0.5251 val_loss=0.2467 fraud_f1=0.7000 fraud_recall=0.5888 pr_auc=0.7924
2026-07-26 19:33:02 | INFO | New best checkpoint saved at epoch 1 (fraud_f1=0.7000)
2026-07-26 19:36:30 | INFO | Epoch 2 | train_loss=0.2668 val_loss=0.2503 fraud_f1=0.7917 fraud_recall=0.7103 pr_auc=0.8416
2026-07-26 19:36:50 | INFO | New best checkpoint saved at epoch 2 (fraud_f1=0.7917)
2026-07-26 19:40:16 | INFO | Epoch 3 | train_loss=0.1254 val_loss=0.2544 fraud_f1=0.7980 fraud_recall=0.7383 pr_auc=0.8498
2026-07-26 19:40:36 | INFO | New best checkpoint saved at epoch 3 (fraud_f1=0.7980)
2026-07-26 19:44:04 | INFO | Epoch 4 | train_loss=0.0487 val_loss=0.3318 fraud_f1=0.7914 fraud_recall=0.6916 pr_auc=0.8310
2026-07-26 19:44:04 | INFO | No improvement. Patience left: 1
2026-07-26 19:47:30 | INFO | Epoch 5 | train_loss=0.0160 val_loss=0.3136 fraud_f1=0.7876 fraud_recall=0.7103 pr_auc=0.8235
2026-07-26 19:47:30 | INFO | No improvement. Patience left: 0
2026-07-26 19:47:30 | INFO | Early stopping at epoch 5
2026-07-26 19:47:30 | INFO | Loading best checkpoint from F:\final-version-1\capstone-project-26t2-9900-h09c-almond\model_weights\bert\split_leakage\condition_c\seed_9\bert_class_weighted\best
2026-07-26 19:47:43 | INFO | Validation threshold selected on validation only: 0.9500 (fraud_f1=0.8021)
2026-07-26 19:47:59 | INFO | Test fraud_f1=0.7895 fraud_recall=0.7009 pr_auc=0.8565
2026-07-26 19:47:59 | INFO | Done. Artifacts under F:\final-version-1\capstone-project-26t2-9900-h09c-almond\model_weights\bert\split_leakage\condition_c\seed_9\bert_class_weighted and F:\final-version-1\capstone-project-26t2-9900-h09c-almond\model_results\bert\split_leakage\condition_c\seed_9
2026-07-26 19:47:59 | INFO | Finished condition=C seed=9 fraud_f1=0.7895 pr_auc=0.8565
2026-07-26 19:47:59 | INFO | All requested BERT split-leakage runs finished.
2026-07-26 19:47:59 | INFO | Weights: F:\final-version-1\capstone-project-26t2-9900-h09c-almond\model_weights\bert\split_leakage
2026-07-26 19:47:59 | INFO | Results: F:\final-version-1\capstone-project-26t2-9900-h09c-almond\model_results\bert\split_leakage
