2026-07-26 14:08:12 | INFO | ======== Environment ========
2026-07-26 14:08:12 | INFO | Python executable      : E:\ml\venv\Scripts\python.exe
2026-07-26 14:08:12 | INFO | Python version         : 3.13.7 (tags/v3.13.7:bcee1c3, Aug 14 2025, 14:15:11) [MSC v.1944 64 bit (AMD64)]
2026-07-26 14:08:12 | INFO | PyTorch version        : 2.11.0+cu128
2026-07-26 14:08:12 | INFO | Transformers version   : 5.13.1
2026-07-26 14:08:12 | INFO | CUDA available         : True
2026-07-26 14:08:12 | INFO | PyTorch CUDA version   : 12.8
2026-07-26 14:08:12 | INFO | cuDNN version          : 91900
2026-07-26 14:08:12 | INFO | GPU name               : NVIDIA GeForce RTX 3060 Laptop GPU
2026-07-26 14:08:12 | INFO | GPU count              : 1
2026-07-26 14:08:12 | INFO | Current training device: cuda
2026-07-26 14:08:12 | INFO | =============================
2026-07-26 14:08:12 | INFO | Using caller-provided splits: train=11064 validation=2371 test=2372
2026-07-26 14:08:17 | INFO | Token length stats (train sample): {'n_texts_measured': 3000, 'mean': 557.253, 'median': 518.0, 'p90': 925.1999999999998, 'p95': 1088.199999999999, 'p99': 1436.0699999999983, 'pct_over_128': 0.9703333333333334, 'pct_over_256': 0.873, 'pct_over_512': 0.5076666666666667, 'recommended_max_length': 256, 'recommendation_reason': 'Measured train token lengths: median≈518, 87.3% >256, 50.8% >512. Default max_length=256 is chosen for RTX 3060 VRAM headroom with dynamic padding and gradient accumulation; do not jump to 512 without an OOM check. Long ads are truncated — this is an explicit compute/quality trade-off.'}
2026-07-26 14:08:17 | INFO | Saved data_quality_report.json
2026-07-26 14:08:17 | INFO | Train-only class weights: [0.5235661555934128, 11.108433734939759]
2026-07-26 14:08:17 | INFO | Start fine-tuning: model=bert-base-uncased use_class_weights=True max_length=256 batch=8 accum=2
2026-07-26 14:11:42 | INFO | Epoch 1 | train_loss=0.4918 val_loss=0.5081 fraud_f1=0.6705 fraud_recall=0.5514 pr_auc=0.7057
2026-07-26 14:12:01 | INFO | New best checkpoint saved at epoch 1 (fraud_f1=0.6705)
2026-07-26 14:15:24 | INFO | Epoch 2 | train_loss=0.2761 val_loss=0.3514 fraud_f1=0.7979 fraud_recall=0.7196 pr_auc=0.8298
2026-07-26 14:15:44 | INFO | New best checkpoint saved at epoch 2 (fraud_f1=0.7979)
2026-07-26 14:19:08 | INFO | Epoch 3 | train_loss=0.1454 val_loss=0.3099 fraud_f1=0.8200 fraud_recall=0.7664 pr_auc=0.8735
2026-07-26 14:19:27 | INFO | New best checkpoint saved at epoch 3 (fraud_f1=0.8200)
2026-07-26 14:22:50 | INFO | Epoch 4 | train_loss=0.0556 val_loss=0.3754 fraud_f1=0.8300 fraud_recall=0.7757 pr_auc=0.8525
2026-07-26 14:23:09 | INFO | New best checkpoint saved at epoch 4 (fraud_f1=0.8300)
2026-07-26 14:26:33 | INFO | Epoch 5 | train_loss=0.0240 val_loss=0.4184 fraud_f1=0.8290 fraud_recall=0.7477 pr_auc=0.8530
2026-07-26 14:26:33 | INFO | No improvement. Patience left: 1
2026-07-26 14:26:33 | INFO | Loading best checkpoint from F:\final-version-1\capstone-project-26t2-9900-h09c-almond\model_weights\bert\split_leakage\condition_b\seed_2\bert_class_weighted\best
2026-07-26 14:26:45 | INFO | Validation threshold selected on validation only: 0.5500 (fraud_f1=0.8342)
2026-07-26 14:26:59 | INFO | Test fraud_f1=0.9010 fraud_recall=0.8505 pr_auc=0.9248
2026-07-26 14:26:59 | INFO | Done. Artifacts under F:\final-version-1\capstone-project-26t2-9900-h09c-almond\model_weights\bert\split_leakage\condition_b\seed_2\bert_class_weighted and F:\final-version-1\capstone-project-26t2-9900-h09c-almond\model_results\bert\split_leakage\condition_b\seed_2
2026-07-26 14:26:59 | INFO | Finished condition=B seed=2 fraud_f1=0.9010 pr_auc=0.9248
2026-07-26 14:26:59 | INFO | === Train condition B seed 3 ===
