2026-07-26 14:45:44 | INFO | ======== Environment ========
2026-07-26 14:45:44 | INFO | Python executable      : E:\ml\venv\Scripts\python.exe
2026-07-26 14:45:44 | INFO | Python version         : 3.13.7 (tags/v3.13.7:bcee1c3, Aug 14 2025, 14:15:11) [MSC v.1944 64 bit (AMD64)]
2026-07-26 14:45:44 | INFO | PyTorch version        : 2.11.0+cu128
2026-07-26 14:45:44 | INFO | Transformers version   : 5.13.1
2026-07-26 14:45:44 | INFO | CUDA available         : True
2026-07-26 14:45:44 | INFO | PyTorch CUDA version   : 12.8
2026-07-26 14:45:44 | INFO | cuDNN version          : 91900
2026-07-26 14:45:44 | INFO | GPU name               : NVIDIA GeForce RTX 3060 Laptop GPU
2026-07-26 14:45:44 | INFO | GPU count              : 1
2026-07-26 14:45:44 | INFO | Current training device: cuda
2026-07-26 14:45:44 | INFO | =============================
2026-07-26 14:45:44 | INFO | Using caller-provided splits: train=11064 validation=2371 test=2372
2026-07-26 14:45:49 | INFO | Token length stats (train sample): {'n_texts_measured': 3000, 'mean': 547.0673333333333, 'median': 508.0, 'p90': 909.0, 'p95': 1068.0, 'p99': 1443.0199999999995, 'pct_over_128': 0.9706666666666667, 'pct_over_256': 0.8736666666666667, 'pct_over_512': 0.49466666666666664, 'recommended_max_length': 256, 'recommendation_reason': 'Measured train token lengths: median≈508, 87.4% >256, 49.5% >512. Default max_length=256 is chosen for RTX 3060 VRAM headroom with dynamic padding and gradient accumulation; do not jump to 512 without an OOM check. Long ads are truncated — this is an explicit compute/quality trade-off.'}
2026-07-26 14:45:49 | INFO | Saved data_quality_report.json
2026-07-26 14:45:49 | INFO | Train-only class weights: [0.5235661555934128, 11.108433734939759]
2026-07-26 14:45:50 | INFO | Start fine-tuning: model=bert-base-uncased use_class_weights=True max_length=256 batch=8 accum=2
2026-07-26 14:49:14 | INFO | Epoch 1 | train_loss=0.5442 val_loss=0.3594 fraud_f1=0.6250 fraud_recall=0.4673 pr_auc=0.7757
2026-07-26 14:49:33 | INFO | New best checkpoint saved at epoch 1 (fraud_f1=0.6250)
2026-07-26 14:52:57 | INFO | Epoch 2 | train_loss=0.2688 val_loss=0.2679 fraud_f1=0.7511 fraud_recall=0.7757 pr_auc=0.8089
2026-07-26 14:53:16 | INFO | New best checkpoint saved at epoch 2 (fraud_f1=0.7511)
2026-07-26 14:56:39 | INFO | Epoch 3 | train_loss=0.1413 val_loss=0.4767 fraud_f1=0.7797 fraud_recall=0.6449 pr_auc=0.8601
2026-07-26 14:56:58 | INFO | New best checkpoint saved at epoch 3 (fraud_f1=0.7797)
2026-07-26 15:00:22 | INFO | Epoch 4 | train_loss=0.0510 val_loss=0.2549 fraud_f1=0.8252 fraud_recall=0.7944 pr_auc=0.8548
2026-07-26 15:00:41 | INFO | New best checkpoint saved at epoch 4 (fraud_f1=0.8252)
2026-07-26 15:04:03 | INFO | Epoch 5 | train_loss=0.0167 val_loss=0.3413 fraud_f1=0.8469 fraud_recall=0.7757 pr_auc=0.8538
2026-07-26 15:04:23 | INFO | New best checkpoint saved at epoch 5 (fraud_f1=0.8469)
2026-07-26 15:04:23 | INFO | Loading best checkpoint from F:\final-version-1\capstone-project-26t2-9900-h09c-almond\model_weights\bert\split_leakage\condition_b\seed_4\bert_class_weighted\best
2026-07-26 15:04:35 | INFO | Validation threshold selected on validation only: 0.5000 (fraud_f1=0.8469)
2026-07-26 15:04:48 | INFO | Test fraud_f1=0.8800 fraud_recall=0.8224 pr_auc=0.9104
2026-07-26 15:04:48 | INFO | Done. Artifacts under F:\final-version-1\capstone-project-26t2-9900-h09c-almond\model_weights\bert\split_leakage\condition_b\seed_4\bert_class_weighted and F:\final-version-1\capstone-project-26t2-9900-h09c-almond\model_results\bert\split_leakage\condition_b\seed_4
2026-07-26 15:04:48 | INFO | Finished condition=B seed=4 fraud_f1=0.8800 pr_auc=0.9104
2026-07-26 15:04:48 | INFO | === Train condition B seed 5 ===
