2026-07-26 10:29:57 | INFO | ======== Environment ========
2026-07-26 10:29:57 | INFO | Python executable      : E:\ml\venv\Scripts\python.exe
2026-07-26 10:29:57 | INFO | Python version         : 3.13.7 (tags/v3.13.7:bcee1c3, Aug 14 2025, 14:15:11) [MSC v.1944 64 bit (AMD64)]
2026-07-26 10:29:57 | INFO | PyTorch version        : 2.11.0+cu128
2026-07-26 10:29:57 | INFO | Transformers version   : 5.13.1
2026-07-26 10:29:57 | INFO | CUDA available         : True
2026-07-26 10:29:57 | INFO | PyTorch CUDA version   : 12.8
2026-07-26 10:29:57 | INFO | cuDNN version          : 91900
2026-07-26 10:29:57 | INFO | GPU name               : NVIDIA GeForce RTX 3060 Laptop GPU
2026-07-26 10:29:57 | INFO | GPU count              : 1
2026-07-26 10:29:57 | INFO | Current training device: cuda
2026-07-26 10:29:57 | INFO | =============================
2026-07-26 10:29:57 | INFO | Using caller-provided splits: train=12516 validation=2682 test=2682
2026-07-26 10:30:02 | INFO | Token length stats (train sample): {'n_texts_measured': 3000, 'mean': 538.846, 'median': 489.0, 'p90': 931.0999999999999, 'p95': 1083.0999999999995, 'p99': 1445.0699999999983, 'pct_over_128': 0.971, 'pct_over_256': 0.8353333333333334, 'pct_over_512': 0.4683333333333333, 'recommended_max_length': 256, 'recommendation_reason': 'Measured train token lengths: median≈489, 83.5% >256, 46.8% >512. Default max_length=256 is chosen for RTX 3060 VRAM headroom with dynamic padding and gradient accumulation; do not jump to 512 without an OOM check. Long ads are truncated — this is an explicit compute/quality trade-off.'}
2026-07-26 10:30:02 | INFO | Saved data_quality_report.json
2026-07-26 10:30:02 | INFO | Train-only class weights: [0.52544080604534, 10.326732673267326]
2026-07-26 10:30:03 | INFO | Start fine-tuning: model=bert-base-uncased use_class_weights=True max_length=256 batch=8 accum=2
2026-07-26 10:33:55 | INFO | Epoch 1 | train_loss=0.4530 val_loss=0.3111 fraud_f1=0.8142 fraud_recall=0.7077 pr_auc=0.9036
2026-07-26 10:34:14 | INFO | New best checkpoint saved at epoch 1 (fraud_f1=0.8142)
2026-07-26 10:38:05 | INFO | Epoch 2 | train_loss=0.2005 val_loss=0.2056 fraud_f1=0.8971 fraud_recall=0.8385 pr_auc=0.9439
2026-07-26 10:38:25 | INFO | New best checkpoint saved at epoch 2 (fraud_f1=0.8971)
2026-07-26 10:42:15 | INFO | Epoch 3 | train_loss=0.0913 val_loss=0.1323 fraud_f1=0.8989 fraud_recall=0.9231 pr_auc=0.9416
2026-07-26 10:42:35 | INFO | New best checkpoint saved at epoch 3 (fraud_f1=0.8989)
2026-07-26 10:46:25 | INFO | Epoch 4 | train_loss=0.0276 val_loss=0.1344 fraud_f1=0.8643 fraud_recall=0.9308 pr_auc=0.9461
2026-07-26 10:46:25 | INFO | No improvement. Patience left: 1
2026-07-26 10:50:15 | INFO | Epoch 5 | train_loss=0.0173 val_loss=0.1387 fraud_f1=0.9064 fraud_recall=0.9308 pr_auc=0.9574
2026-07-26 10:50:34 | INFO | New best checkpoint saved at epoch 5 (fraud_f1=0.9064)
2026-07-26 10:50:35 | INFO | Loading best checkpoint from F:\final-version-1\capstone-project-26t2-9900-h09c-almond\model_weights\bert\split_leakage\condition_a\seed_1\bert_class_weighted\best
2026-07-26 10:50:48 | INFO | Validation threshold selected on validation only: 0.9500 (fraud_f1=0.9195)
2026-07-26 10:51:03 | INFO | Test fraud_f1=0.8730 fraud_recall=0.8462 pr_auc=0.8991
2026-07-26 10:51:03 | INFO | Done. Artifacts under F:\final-version-1\capstone-project-26t2-9900-h09c-almond\model_weights\bert\split_leakage\condition_a\seed_1\bert_class_weighted and F:\final-version-1\capstone-project-26t2-9900-h09c-almond\model_results\bert\split_leakage\condition_a\seed_1
2026-07-26 10:51:03 | INFO | Finished condition=A seed=1 fraud_f1=0.8730 pr_auc=0.8991
2026-07-26 10:51:03 | INFO | === Train condition A seed 2 ===
