2026-07-26 16:57:25 | INFO | ======== Environment ========
2026-07-26 16:57:25 | INFO | Python executable      : E:\ml\venv\Scripts\python.exe
2026-07-26 16:57:25 | INFO | Python version         : 3.13.7 (tags/v3.13.7:bcee1c3, Aug 14 2025, 14:15:11) [MSC v.1944 64 bit (AMD64)]
2026-07-26 16:57:25 | INFO | PyTorch version        : 2.11.0+cu128
2026-07-26 16:57:25 | INFO | Transformers version   : 5.13.1
2026-07-26 16:57:25 | INFO | CUDA available         : True
2026-07-26 16:57:25 | INFO | PyTorch CUDA version   : 12.8
2026-07-26 16:57:25 | INFO | cuDNN version          : 91900
2026-07-26 16:57:25 | INFO | GPU name               : NVIDIA GeForce RTX 3060 Laptop GPU
2026-07-26 16:57:25 | INFO | GPU count              : 1
2026-07-26 16:57:25 | INFO | Current training device: cuda
2026-07-26 16:57:25 | INFO | =============================
2026-07-26 16:57:25 | INFO | Using caller-provided splits: train=11065 validation=2371 test=2371
2026-07-26 16:57:30 | INFO | Token length stats (train sample): {'n_texts_measured': 3000, 'mean': 549.1026666666667, 'median': 504.0, 'p90': 920.0, 'p95': 1078.0, 'p99': 1436.0499999999988, 'pct_over_128': 0.9743333333333334, 'pct_over_256': 0.8786666666666667, 'pct_over_512': 0.48966666666666664, 'recommended_max_length': 256, 'recommendation_reason': 'Measured train token lengths: median≈504, 87.9% >256, 49.0% >512. Default max_length=256 is chosen for RTX 3060 VRAM headroom with dynamic padding and gradient accumulation; do not jump to 512 without an OOM check. Long ads are truncated — this is an explicit compute/quality trade-off.'}
2026-07-26 16:57:30 | INFO | Saved data_quality_report.json
2026-07-26 16:57:30 | INFO | Train-only class weights: [0.52356392542822, 11.109437751004016]
2026-07-26 16:57:31 | INFO | Start fine-tuning: model=bert-base-uncased use_class_weights=True max_length=256 batch=8 accum=2
2026-07-26 17:00:55 | INFO | Epoch 1 | train_loss=0.4942 val_loss=0.2695 fraud_f1=0.6948 fraud_recall=0.6916 pr_auc=0.7873
2026-07-26 17:01:15 | INFO | New best checkpoint saved at epoch 1 (fraud_f1=0.6948)
2026-07-26 17:04:38 | INFO | Epoch 2 | train_loss=0.2342 val_loss=0.2617 fraud_f1=0.7795 fraud_recall=0.7103 pr_auc=0.8351
2026-07-26 17:04:58 | INFO | New best checkpoint saved at epoch 2 (fraud_f1=0.7795)
2026-07-26 17:08:21 | INFO | Epoch 3 | train_loss=0.0990 val_loss=0.2026 fraud_f1=0.7873 fraud_recall=0.8131 pr_auc=0.8580
2026-07-26 17:08:40 | INFO | New best checkpoint saved at epoch 3 (fraud_f1=0.7873)
2026-07-26 17:12:02 | INFO | Epoch 4 | train_loss=0.0421 val_loss=0.3299 fraud_f1=0.7826 fraud_recall=0.6729 pr_auc=0.8806
2026-07-26 17:12:02 | INFO | No improvement. Patience left: 1
2026-07-26 17:15:24 | INFO | Epoch 5 | train_loss=0.0126 val_loss=0.2784 fraud_f1=0.8394 fraud_recall=0.7570 pr_auc=0.8565
2026-07-26 17:15:43 | INFO | New best checkpoint saved at epoch 5 (fraud_f1=0.8394)
2026-07-26 17:15:43 | INFO | Loading best checkpoint from F:\final-version-1\capstone-project-26t2-9900-h09c-almond\model_weights\bert\split_leakage\condition_c\seed_1\bert_class_weighted\best
2026-07-26 17:15:55 | INFO | Validation threshold selected on validation only: 0.0500 (fraud_f1=0.8543)
2026-07-26 17:16:10 | INFO | Test fraud_f1=0.8502 fraud_recall=0.8224 pr_auc=0.8470
2026-07-26 17:16:10 | INFO | Done. Artifacts under F:\final-version-1\capstone-project-26t2-9900-h09c-almond\model_weights\bert\split_leakage\condition_c\seed_1\bert_class_weighted and F:\final-version-1\capstone-project-26t2-9900-h09c-almond\model_results\bert\split_leakage\condition_c\seed_1
2026-07-26 17:16:10 | INFO | Finished condition=C seed=1 fraud_f1=0.8502 pr_auc=0.8470
2026-07-26 17:16:10 | INFO | === Train condition C seed 2 ===
