2026-07-31 15:18:29 | INFO | Wrote paper assignment: F:\final-version-1\capstone-project-26t2-9900-h09c-almond\experiments\bert_paper_vs_project\paper_protocol_emscad_seed42\paper_80_20_seed42_assignments.csv.gz
2026-07-31 15:18:29 | INFO | Paper split train: n=12873 fraud=624
2026-07-31 15:18:29 | INFO | Paper split validation: n=1431 fraud=69
2026-07-31 15:18:29 | INFO | Paper split test: n=3576 fraud=173
2026-07-31 15:18:29 | INFO | ======== Environment ========
2026-07-31 15:18:29 | INFO | Python executable      : E:\ml\venv\Scripts\python.exe
2026-07-31 15:18:29 | INFO | Python version         : 3.13.7 (tags/v3.13.7:bcee1c3, Aug 14 2025, 14:15:11) [MSC v.1944 64 bit (AMD64)]
2026-07-31 15:18:29 | INFO | PyTorch version        : 2.11.0+cu128
2026-07-31 15:18:29 | INFO | Transformers version   : 5.13.1
2026-07-31 15:18:29 | INFO | CUDA available         : True
2026-07-31 15:18:29 | INFO | PyTorch CUDA version   : 12.8
2026-07-31 15:18:29 | INFO | cuDNN version          : 91900
2026-07-31 15:18:29 | INFO | GPU name               : NVIDIA GeForce RTX 3060 Laptop GPU
2026-07-31 15:18:29 | INFO | GPU count              : 1
2026-07-31 15:18:29 | INFO | Current training device: cuda
2026-07-31 15:18:29 | INFO | =============================
2026-07-31 15:18:29 | INFO | Using caller-provided splits: train=12873 validation=1431 test=3576
2026-07-31 15:18:34 | INFO | Token length stats (train sample): {'n_texts_measured': 3000, 'mean': 461.0036666666667, 'median': 448.0, 'p90': 692.0, 'p95': 752.0, 'p99': 1046.1399999999967, 'pct_over_128': 0.9713333333333334, 'pct_over_256': 0.8586666666666667, 'pct_over_384': 0.6263333333333333, 'pct_over_512': 0.371, 'recommended_max_length': 384, 'recommendation_reason': 'Measured train token lengths: median¡Ö448, 85.9% >256, 62.6% >384, 37.1% >512. Default max_length=384 is chosen for RTX 3060 with batch=4 / accum=4; try 512 only after an OOM check. Long ads may still be truncated.'}
2026-07-31 15:18:34 | INFO | Saved data_quality_report.json
2026-07-31 15:18:34 | INFO | Train-only fraud oversample: factor=1.00  rows 12873¡ú12873  fraud 624¡ú624
2026-07-31 15:18:34 | INFO | Train-only class weights (transform=none, max=100.0): [0.5254714670585354, 10.314903846153847]
2026-07-31 15:18:35 | INFO | Start fine-tuning: model=bert-base-uncased use_class_weights=True max_length=256 batch=16 accum=1
2026-07-31 15:22:00 | INFO | Epoch 1 | train_loss=0.6078 val_loss=0.4562 fraud_f1=0.7027 fraud_recall=0.5652 pr_auc=0.8789
2026-07-31 15:22:20 | INFO | New best checkpoint saved at epoch 1 (fraud_f1=0.7027)
2026-07-31 15:26:13 | INFO | Epoch 2 | train_loss=0.2978 val_loss=0.2327 fraud_f1=0.8095 fraud_recall=0.7391 pr_auc=0.9061
2026-07-31 15:26:33 | INFO | New best checkpoint saved at epoch 2 (fraud_f1=0.8095)
2026-07-31 15:30:23 | INFO | Epoch 3 | train_loss=0.1257 val_loss=0.2204 fraud_f1=0.8397 fraud_recall=0.7971 pr_auc=0.9151
2026-07-31 15:30:43 | INFO | New best checkpoint saved at epoch 3 (fraud_f1=0.8397)
2026-07-31 15:30:43 | INFO | Loading best checkpoint from F:\final-version-1\capstone-project-26t2-9900-h09c-almond\experiments\bert_paper_vs_project\paper_protocol_emscad_seed42\weights\bert_paper_protocol\best
2026-07-31 15:31:01 | INFO | Validation threshold selected on validation only: 0.9900 (fraud_f1=0.8571 recall=0.7826 mode=max_fraud_f1 min_recall=None step=0.01)
2026-07-31 15:31:33 | INFO | Test fraud_f1=0.9003 fraud_recall=0.8613 pr_auc=0.9341
2026-07-31 15:31:33 | INFO | Done. Artifacts under F:\final-version-1\capstone-project-26t2-9900-h09c-almond\experiments\bert_paper_vs_project\paper_protocol_emscad_seed42\weights\bert_paper_protocol and F:\final-version-1\capstone-project-26t2-9900-h09c-almond\experiments\bert_paper_vs_project\paper_protocol_emscad_seed42\results
2026-07-31 15:31:33 | INFO | Paper protocol done. Test fraud_f1=0.9003 pr_auc=0.9341 | comparison=F:\final-version-1\capstone-project-26t2-9900-h09c-almond\experiments\bert_paper_vs_project\comparison_summary.csv
